Archive member included to satisfy reference by file (symbol)

/home/coleman/Ac6/SystemWorkbench/plugins/fr.ac6.mcu.externaltools.arm-none.linux64_1.17.0.201812190825/tools/compiler/bin/../lib/gcc/arm-none-eabi/7.3.1/thumb/v7e-m/fpv4-sp/hard/libgcc.a(_aeabi_uldivmod.o)
                              Drivers/STM32F4xx_HAL_Driver/Src/stm32f4xx_hal_rcc.o (__aeabi_uldivmod)
/home/coleman/Ac6/SystemWorkbench/plugins/fr.ac6.mcu.externaltools.arm-none.linux64_1.17.0.201812190825/tools/compiler/bin/../lib/gcc/arm-none-eabi/7.3.1/thumb/v7e-m/fpv4-sp/hard/libgcc.a(_udivmoddi4.o)
                              /home/coleman/Ac6/SystemWorkbench/plugins/fr.ac6.mcu.externaltools.arm-none.linux64_1.17.0.201812190825/tools/compiler/bin/../lib/gcc/arm-none-eabi/7.3.1/thumb/v7e-m/fpv4-sp/hard/libgcc.a(_aeabi_uldivmod.o) (__udivmoddi4)
/home/coleman/Ac6/SystemWorkbench/plugins/fr.ac6.mcu.externaltools.arm-none.linux64_1.17.0.201812190825/tools/compiler/bin/../lib/gcc/arm-none-eabi/7.3.1/thumb/v7e-m/fpv4-sp/hard/libgcc.a(_dvmd_tls.o)
                              /home/coleman/Ac6/SystemWorkbench/plugins/fr.ac6.mcu.externaltools.arm-none.linux64_1.17.0.201812190825/tools/compiler/bin/../lib/gcc/arm-none-eabi/7.3.1/thumb/v7e-m/fpv4-sp/hard/libgcc.a(_aeabi_uldivmod.o) (__aeabi_ldiv0)
/home/coleman/Ac6/SystemWorkbench/plugins/fr.ac6.mcu.externaltools.arm-none.linux64_1.17.0.201812190825/tools/compiler/bin/../lib/gcc/arm-none-eabi/7.3.1/../../../../arm-none-eabi/lib/thumb/v7e-m/fpv4-sp/hard/libc_nano.a(lib_a-errno.o)
                              Core/Src/syscalls.o (__errno)
/home/coleman/Ac6/SystemWorkbench/plugins/fr.ac6.mcu.externaltools.arm-none.linux64_1.17.0.201812190825/tools/compiler/bin/../lib/gcc/arm-none-eabi/7.3.1/../../../../arm-none-eabi/lib/thumb/v7e-m/fpv4-sp/hard/libc_nano.a(lib_a-exit.o)
                              /home/coleman/Ac6/SystemWorkbench/plugins/fr.ac6.mcu.externaltools.arm-none.linux64_1.17.0.201812190825/tools/compiler/bin/../lib/gcc/arm-none-eabi/7.3.1/../../../../arm-none-eabi/lib/thumb/v7e-m/fpv4-sp/hard/crt0.o (exit)
/home/coleman/Ac6/SystemWorkbench/plugins/fr.ac6.mcu.externaltools.arm-none.linux64_1.17.0.201812190825/tools/compiler/bin/../lib/gcc/arm-none-eabi/7.3.1/../../../../arm-none-eabi/lib/thumb/v7e-m/fpv4-sp/hard/libc_nano.a(lib_a-impure.o)
                              /home/coleman/Ac6/SystemWorkbench/plugins/fr.ac6.mcu.externaltools.arm-none.linux64_1.17.0.201812190825/tools/compiler/bin/../lib/gcc/arm-none-eabi/7.3.1/../../../../arm-none-eabi/lib/thumb/v7e-m/fpv4-sp/hard/libc_nano.a(lib_a-exit.o) (_global_impure_ptr)
/home/coleman/Ac6/SystemWorkbench/plugins/fr.ac6.mcu.externaltools.arm-none.linux64_1.17.0.201812190825/tools/compiler/bin/../lib/gcc/arm-none-eabi/7.3.1/../../../../arm-none-eabi/lib/thumb/v7e-m/fpv4-sp/hard/libc_nano.a(lib_a-init.o)
                              /home/coleman/Ac6/SystemWorkbench/plugins/fr.ac6.mcu.externaltools.arm-none.linux64_1.17.0.201812190825/tools/compiler/bin/../lib/gcc/arm-none-eabi/7.3.1/../../../../arm-none-eabi/lib/thumb/v7e-m/fpv4-sp/hard/crt0.o (__libc_init_array)
/home/coleman/Ac6/SystemWorkbench/plugins/fr.ac6.mcu.externaltools.arm-none.linux64_1.17.0.201812190825/tools/compiler/bin/../lib/gcc/arm-none-eabi/7.3.1/../../../../arm-none-eabi/lib/thumb/v7e-m/fpv4-sp/hard/libc_nano.a(lib_a-memcpy-stub.o)
                              Core/Src/lwrb.o (memcpy)
/home/coleman/Ac6/SystemWorkbench/plugins/fr.ac6.mcu.externaltools.arm-none.linux64_1.17.0.201812190825/tools/compiler/bin/../lib/gcc/arm-none-eabi/7.3.1/../../../../arm-none-eabi/lib/thumb/v7e-m/fpv4-sp/hard/libc_nano.a(lib_a-memset.o)
                              /home/coleman/Ac6/SystemWorkbench/plugins/fr.ac6.mcu.externaltools.arm-none.linux64_1.17.0.201812190825/tools/compiler/bin/../lib/gcc/arm-none-eabi/7.3.1/../../../../arm-none-eabi/lib/thumb/v7e-m/fpv4-sp/hard/crt0.o (memset)
/home/coleman/Ac6/SystemWorkbench/plugins/fr.ac6.mcu.externaltools.arm-none.linux64_1.17.0.201812190825/tools/compiler/bin/../lib/gcc/arm-none-eabi/7.3.1/../../../../arm-none-eabi/lib/thumb/v7e-m/fpv4-sp/hard/libc_nano.a(lib_a-printf.o)
                              Core/Src/vl53l0x_class.o (printf)
/home/coleman/Ac6/SystemWorkbench/plugins/fr.ac6.mcu.externaltools.arm-none.linux64_1.17.0.201812190825/tools/compiler/bin/../lib/gcc/arm-none-eabi/7.3.1/../../../../arm-none-eabi/lib/thumb/v7e-m/fpv4-sp/hard/libc_nano.a(lib_a-puts.o)
                              Core/Src/main.o (puts)
/home/coleman/Ac6/SystemWorkbench/plugins/fr.ac6.mcu.externaltools.arm-none.linux64_1.17.0.201812190825/tools/compiler/bin/../lib/gcc/arm-none-eabi/7.3.1/../../../../arm-none-eabi/lib/thumb/v7e-m/fpv4-sp/hard/libc_nano.a(lib_a-sprintf.o)
                              Core/Src/main.o (sprintf)
/home/coleman/Ac6/SystemWorkbench/plugins/fr.ac6.mcu.externaltools.arm-none.linux64_1.17.0.201812190825/tools/compiler/bin/../lib/gcc/arm-none-eabi/7.3.1/../../../../arm-none-eabi/lib/thumb/v7e-m/fpv4-sp/hard/libc_nano.a(lib_a-strcmp.o)
[...]
Memory Configuration

Name             Origin             Length             Attributes
RAM              0x0000000020000000 0x0000000000020000 xrw
FLASH            0x0000000008000000 0x0000000000040000 xr
*default*        0x0000000000000000 0xffffffffffffffff

Linker script and memory map

LOAD /home/coleman/Ac6/SystemWorkbench/plugins/fr.ac6.mcu.externaltools.arm-none.linux64_1.17.0.201812190825/tools/compiler/bin/../lib/gcc/arm-none-eabi/7.3.1/thumb/v7e-m/fpv4-sp/hard/crti.o
LOAD /home/coleman/Ac6/SystemWorkbench/plugins/fr.ac6.mcu.externaltools.arm-none.linux64_1.17.0.201812190825/tools/compiler/bin/../lib/gcc/arm-none-eabi/7.3.1/thumb/v7e-m/fpv4-sp/hard/crtbegin.o
LOAD /home/coleman/Ac6/SystemWorkbench/plugins/fr.ac6.mcu.externaltools.arm-none.linux64_1.17.0.201812190825/tools/compiler/bin/../lib/gcc/arm-none-eabi/7.3.1/../../../../arm-none-eabi/lib/thumb/v7e-m/fpv4-sp/hard/crt0.o
LOAD Core/Src/lwrb.o
LOAD Core/Src/main.o
LOAD Core/Src/mcp23017.o
LOAD Core/Src/stm32f4xx_hal_msp.o
LOAD Core/Src/stm32f4xx_it.o
LOAD Core/Src/syscalls.o
LOAD Core/Src/system_stm32f4xx.o
LOAD Core/Src/vl53l0x_class.o
LOAD Drivers/STM32F4xx_HAL_Driver/Src/stm32f4xx_hal.o
LOAD Drivers/STM32F4xx_HAL_Driver/Src/stm32f4xx_hal_cortex.o
LOAD Drivers/STM32F4xx_HAL_Driver/Src/stm32f4xx_hal_dma.o
LOAD Drivers/STM32F4xx_HAL_Driver/Src/stm32f4xx_hal_dma_ex.o
LOAD Drivers/STM32F4xx_HAL_Driver/Src/stm32f4xx_hal_exti.o
LOAD Drivers/STM32F4xx_HAL_Driver/Src/stm32f4xx_hal_flash.o
LOAD Drivers/STM32F4xx_HAL_Driver/Src/stm32f4xx_hal_flash_ex.o
LOAD Drivers/STM32F4xx_HAL_Driver/Src/stm32f4xx_hal_flash_ramfunc.o
LOAD Drivers/STM32F4xx_HAL_Driver/Src/stm32f4xx_hal_gpio.o
LOAD Drivers/STM32F4xx_HAL_Driver/Src/stm32f4xx_hal_i2c.o
LOAD Drivers/STM32F4xx_HAL_Driver/Src/stm32f4xx_hal_i2c_ex.o
LOAD Drivers/STM32F4xx_HAL_Driver/Src/stm32f4xx_hal_pwr.o
LOAD Drivers/STM32F4xx_HAL_Driver/Src/stm32f4xx_hal_pwr_ex.o
LOAD Drivers/STM32F4xx_HAL_Driver/Src/stm32f4xx_hal_rcc.o
LOAD Drivers/STM32F4xx_HAL_Driver/Src/stm32f4xx_hal_rcc_ex.o
LOAD Drivers/STM32F4xx_HAL_Driver/Src/stm32f4xx_hal_tim.o
LOAD Drivers/STM32F4xx_HAL_Driver/Src/stm32f4xx_hal_tim_ex.o
LOAD Drivers/STM32F4xx_HAL_Driver/Src/stm32f4xx_hal_uart.o
LOAD startup/startup_stm32f411xe.o
LOAD /home/coleman/Ac6/SystemWorkbench/plugins/fr.ac6.mcu.externaltools.arm-none.linux64_1.17.0.201812190825/tools/compiler/bin/../lib/gcc/arm-none-eabi/7.3.1/../../../../arm-none-eabi/lib/thumb/v7e-m/fpv4-sp/hard/libm.a
START GROUP
LOAD /home/coleman/Ac6/SystemWorkbench/plugins/fr.ac6.mcu.externaltools.arm-none.linux64_1.17.0.201812190825/tools/compiler/bin/../lib/gcc/arm-none-eabi/7.3.1/thumb/v7e-m/fpv4-sp/hard/libgcc.a
LOAD /home/coleman/Ac6/SystemWorkbench/plugins/fr.ac6.mcu.externaltools.arm-none.linux64_1.17.0.201812190825/tools/compiler/bin/../lib/gcc/arm-none-eabi/7.3.1/../../../../arm-none-eabi/lib/thumb/v7e-m/fpv4-sp/hard/libc_nano.a
END GROUP
START GROUP
LOAD /home/coleman/Ac6/SystemWorkbench/plugins/fr.ac6.mcu.externaltools.arm-none.linux64_1.17.0.201812190825/tools/compiler/bin/../lib/gcc/arm-none-eabi/7.3.1/thumb/v7e-m/fpv4-sp/hard/libgcc.a
LOAD /home/coleman/Ac6/SystemWorkbench/plugins/fr.ac6.mcu.externaltools.arm-none.linux64_1.17.0.201812190825/tools/compiler/bin/../lib/gcc/arm-none-eabi/7.3.1/../../../../arm-none-eabi/lib/thumb/v7e-m/fpv4-sp/hard/libc_nano.a
LOAD /home/coleman/Ac6/SystemWorkbench/plugins/fr.ac6.mcu.externaltools.arm-none.linux64_1.17.0.201812190825/tools/compiler/bin/../lib/gcc/arm-none-eabi/7.3.1/../../../../arm-none-eabi/lib/thumb/v7e-m/fpv4-sp/hard/libnosys.a
END GROUP
START GROUP
LOAD /home/coleman/Ac6/SystemWorkbench/plugins/fr.ac6.mcu.externaltools.arm-none.linux64_1.17.0.201812190825/tools/compiler/bin/../lib/gcc/arm-none-eabi/7.3.1/thumb/v7e-m/fpv4-sp/hard/libgcc.a
LOAD /home/coleman/Ac6/SystemWorkbench/plugins/fr.ac6.mcu.externaltools.arm-none.linux64_1.17.0.201812190825/tools/compiler/bin/../lib/gcc/arm-none-eabi/7.3.1/../../../../arm-none-eabi/lib/thumb/v7e-m/fpv4-sp/hard/libc_nano.a
LOAD /home/coleman/Ac6/SystemWorkbench/plugins/fr.ac6.mcu.externaltools.arm-none.linux64_1.17.0.201812190825/tools/compiler/bin/../lib/gcc/arm-none-eabi/7.3.1/../../../../arm-none-eabi/lib/thumb/v7e-m/fpv4-sp/hard/libnosys.a
END GROUP
LOAD /home/coleman/Ac6/SystemWorkbench/plugins/fr.ac6.mcu.externaltools.arm-none.linux64_1.17.0.201812190825/tools/compiler/bin/../lib/gcc/arm-none-eabi/7.3.1/thumb/v7e-m/fpv4-sp/hard/crtend.o
LOAD /home/coleman/Ac6/SystemWorkbench/plugins/fr.ac6.mcu.externaltools.arm-none.linux64_1.17.0.201812190825/tools/compiler/bin/../lib/gcc/arm-none-eabi/7.3.1/thumb/v7e-m/fpv4-sp/hard/crtn.o
                0x0000000020020000                _estack = 0x20020000
                0x0000000000000200                _Min_Heap_Size = 0x200
                0x0000000000000400                _Min_Stack_Size = 0x400

.isr_vector     0x0000000008000000      0x198
                0x0000000008000000                . = ALIGN (0x4)
 *(.isr_vector)
 .isr_vector    0x0000000008000000      0x198 startup/startup_stm32f411xe.o
                0x0000000008000000                g_pfnVectors
                0x0000000008000198                . = ALIGN (0x4)

.text           0x00000000080001a0     0xbcb0
                0x00000000080001a0                . = ALIGN (0x4)
 *(.text)
 .text          0x00000000080001a0       0x40 /home/coleman/Ac6/SystemWorkbench/plugins/fr.ac6.mcu.externaltools.arm-none.linux64_1.17.0.201812190825/tools/compiler/bin/../lib/gcc/arm-none-eabi/7.3.1/thumb/v7e-m/fpv4-sp/hard/crtbegin.o
 .text          0x00000000080001e0       0x30 /home/coleman/Ac6/SystemWorkbench/plugins/fr.ac6.mcu.externaltools.arm-none.linux64_1.17.0.201812190825/tools/compiler/bin/../lib/gcc/arm-none-eabi/7.3.1/thumb/v7e-m/fpv4-sp/hard/libgcc.a(_aeabi_uldivmod.o)
                0x00000000080001e0                __aeabi_uldivmod
 .text          0x0000000008000210      0x2cc /home/coleman/Ac6/SystemWorkbench/plugins/fr.ac6.mcu.externaltools.arm-none.linux64_1.17.0.201812190825/tools/compiler/bin/../lib/gcc/arm-none-eabi/7.3.1/thumb/v7e-m/fpv4-sp/hard/libgcc.a(_udivmoddi4.o)
                0x0000000008000210                __udivmoddi4
 .text          0x00000000080004dc        0x4 /home/coleman/Ac6/SystemWorkbench/plugins/fr.ac6.mcu.externaltools.arm-none.linux64_1.17.0.201812190825/tools/compiler/bin/../lib/gcc/arm-none-eabi/7.3.1/thumb/v7e-m/fpv4-sp/hard/libgcc.a(_dvmd_tls.o)
                0x00000000080004dc                __aeabi_ldiv0
                0x00000000080004dc                __aeabi_idiv0
 .text          0x00000000080004e0       0x14 /home/coleman/Ac6/SystemWorkbench/plugins/fr.ac6.mcu.externaltools.arm-none.linux64_1.17.0.201812190825/tools/compiler/bin/../lib/gcc/arm-none-eabi/7.3.1/../../../../arm-none-eabi/lib/thumb/v7e-m/fpv4-sp/hard/libc_nano.a(lib_a-strcmp.o)
                0x00000000080004e0                strcmp
 .text          0x00000000080004f4       0x10 /home/coleman/Ac6/SystemWorkbench/plugins/fr.ac6.mcu.externaltools.arm-none.linux64_1.17.0.201812190825/tools/compiler/bin/../lib/gcc/arm-none-eabi/7.3.1/../../../../arm-none-eabi/lib/thumb/v7e-m/fpv4-sp/hard/libc_nano.a(lib_a-strlen.o)
                0x00000000080004f4                strlen
 *fill*         0x0000000008000504        0xc 
 .text          0x0000000008000510       0xa0 /home/coleman/Ac6/SystemWorkbench/plugins/fr.ac6.mcu.externaltools.arm-none.linux64_1.17.0.201812190825/tools/compiler/bin/../lib/gcc/arm-none-eabi/7.3.1/../../../../arm-none-eabi/lib/thumb/v7e-m/fpv4-sp/hard/libc_nano.a(lib_a-memchr.o)
                0x0000000008000510                memchr
 *(.text*)
 .text.__io_putchar
                0x00000000080005b0       0x24 Core/Src/main.o
                0x00000000080005b0                __io_putchar
 .text.main     0x00000000080005d4      0x758 Core/Src/main.o
                0x00000000080005d4                main
 .text.SystemClock_Config
                0x0000000008000d2c       0xbc Core/Src/main.o
                0x0000000008000d2c                SystemClock_Config
 .text.MX_I2C1_Init
                0x0000000008000de8       0x5c Core/Src/main.o
 .text.MX_USART2_UART_Init
                0x0000000008000e44       0x64 Core/Src/main.o
 .text.MX_USART6_UART_Init
                0x0000000008000ea8       0x64 Core/Src/main.o
 .text.MX_DMA_Init
                0x0000000008000f0c       0x6c Core/Src/main.o
 .text.MX_GPIO_Init
                0x0000000008000f78       0x6c Core/Src/main.o
 .text.HAL_UART_RxCpltCallback
                0x0000000008000fe4       0x14 Core/Src/main.o
                0x0000000008000fe4                HAL_UART_RxCpltCallback
 .text.HAL_UART_RxHalfCpltCallback
                0x0000000008000ff8       0x5c Core/Src/main.o
                0x0000000008000ff8                HAL_UART_RxHalfCpltCallback
 .text.USER_UART_IRQHandler
                0x0000000008001054      0x568 Core/Src/main.o
                0x0000000008001054                USER_UART_IRQHandler
 .text.GPIO_Init
                0x00000000080015bc       0xbc Core/Src/main.o
                0x00000000080015bc                GPIO_Init
 .text.VL53L0X_Start
                0x0000000008001678       0x6c Core/Src/main.o
                0x0000000008001678                VL53L0X_Start
 .text._Error_Handler
                0x00000000080016e4       0x30 Core/Src/main.o
                0x00000000080016e4                _Error_Handler
 .text.Error_Handler
                0x0000000008001714        0x8 Core/Src/main.o
                0x0000000008001714                Error_Handler
 .text.SensorConfig_All
                0x000000000800171c      0x48c Core/Src/main.o
 .text.mcp23017_init
                0x0000000008001ba8       0x2a Core/Src/mcp23017.o
                0x0000000008001ba8                mcp23017_init
 .text.mcp23017_write
                0x0000000008001bd2       0x34 Core/Src/mcp23017.o
                0x0000000008001bd2                mcp23017_write
 .text.mcp23017_iodir
                0x0000000008001c06       0x2e Core/Src/mcp23017.o
                0x0000000008001c06                mcp23017_iodir
 .text.mcp23017_write_gpio
                0x0000000008001c34       0x36 Core/Src/mcp23017.o
                0x0000000008001c34                mcp23017_write_gpio
 *fill*         0x0000000008001c6a        0x2 
 .text.HAL_MspInit
                0x0000000008001c6c       0x50 Core/Src/stm32f4xx_hal_msp.o
                0x0000000008001c6c                HAL_MspInit
 .text.HAL_I2C_MspInit
                0x0000000008001cbc       0x90 Core/Src/stm32f4xx_hal_msp.o
                0x0000000008001cbc                HAL_I2C_MspInit
 .text.HAL_UART_MspInit
                0x0000000008001d4c      0x1e8 Core/Src/stm32f4xx_hal_msp.o
                0x0000000008001d4c                HAL_UART_MspInit
 .text.NMI_Handler
                0x0000000008001f34        0x6 Core/Src/stm32f4xx_it.o
                0x0000000008001f34                NMI_Handler
 .text.HardFault_Handler
                0x0000000008001f3a        0x6 Core/Src/stm32f4xx_it.o
                0x0000000008001f3a                HardFault_Handler
 .text.MemManage_Handler
                0x0000000008001f40        0x6 Core/Src/stm32f4xx_it.o
                0x0000000008001f40                MemManage_Handler
 .text.BusFault_Handler
                0x0000000008001f46        0x6 Core/Src/stm32f4xx_it.o
                0x0000000008001f46                BusFault_Handler
 .text.UsageFault_Handler
                0x0000000008001f4c        0x6 Core/Src/stm32f4xx_it.o
                0x0000000008001f4c                UsageFault_Handler
 .text.SVC_Handler
                0x0000000008001f52        0xe Core/Src/stm32f4xx_it.o
                0x0000000008001f52                SVC_Handler
 .text.DebugMon_Handler
                0x0000000008001f60        0xe Core/Src/stm32f4xx_it.o
                0x0000000008001f60                DebugMon_Handler
 .text.PendSV_Handler
                0x0000000008001f6e        0xe Core/Src/stm32f4xx_it.o
                0x0000000008001f6e                PendSV_Handler
 .text.SysTick_Handler
                0x0000000008001f7c        0xc Core/Src/stm32f4xx_it.o
                0x0000000008001f7c                SysTick_Handler
 .text.DMA1_Stream5_IRQHandler
                0x0000000008001f88       0x14 Core/Src/stm32f4xx_it.o
                0x0000000008001f88                DMA1_Stream5_IRQHandler
 .text.USART2_IRQHandler
                0x0000000008001f9c       0x18 Core/Src/stm32f4xx_it.o
                0x0000000008001f9c                USART2_IRQHandler
 .text.DMA2_Stream1_IRQHandler
                0x0000000008001fb4       0x14 Core/Src/stm32f4xx_it.o
                0x0000000008001fb4                DMA2_Stream1_IRQHandler
 .text.USART6_IRQHandler
                0x0000000008001fc8       0x18 Core/Src/stm32f4xx_it.o
                0x0000000008001fc8                USART6_IRQHandler
 .text._read    0x0000000008001fe0       0x3a Core/Src/syscalls.o
                0x0000000008001fe0                _read
 .text._write   0x000000000800201a       0x38 Core/Src/syscalls.o
                0x000000000800201a                _write
 *fill*         0x0000000008002052        0x2 
 .text._sbrk    0x0000000008002054       0x58 Core/Src/syscalls.o
                0x0000000008002054                _sbrk
 .text._close   0x00000000080020ac       0x18 Core/Src/syscalls.o
                0x00000000080020ac                _close
 .text._fstat   0x00000000080020c4       0x20 Core/Src/syscalls.o
                0x00000000080020c4                _fstat
 .text._isatty  0x00000000080020e4       0x16 Core/Src/syscalls.o
                0x00000000080020e4                _isatty
 .text._lseek   0x00000000080020fa       0x1a Core/Src/syscalls.o
                0x00000000080020fa                _lseek
 .text.SystemInit
                0x0000000008002114       0x2c Core/Src/system_stm32f4xx.o
                0x0000000008002114                SystemInit
 .text.VL53L0X_Prepare
                0x0000000008002140       0x62 Core/Src/vl53l0x_class.o
                0x0000000008002140                VL53L0X_Prepare
 .text.SetDeviceAddress
                0x00000000080021a2       0x3a Core/Src/vl53l0x_class.o
                0x00000000080021a2                SetDeviceAddress
 .text.VL53L0X_device_read_strobe
                0x00000000080021dc       0x86 Core/Src/vl53l0x_class.o
                0x00000000080021dc                VL53L0X_device_read_strobe
 .text.VL53L0X_get_info_from_device
                0x0000000008002262      0x99a Core/Src/vl53l0x_class.o
                0x0000000008002262                VL53L0X_get_info_from_device
 .text.VL53L0X_get_offset_calibration_data_micro_meter
                0x0000000008002bfc       0x7e Core/Src/vl53l0x_class.o
                0x0000000008002bfc                VL53L0X_get_offset_calibration_data_micro_meter
 .text.VL53L0X_GetOffsetCalibrationDataMicroMeter
                0x0000000008002c7a       0x26 Core/Src/vl53l0x_class.o
                0x0000000008002c7a                VL53L0X_GetOffsetCalibrationDataMicroMeter
 .text.VL53L0X_GetDeviceMode
                0x0000000008002ca0       0x26 Core/Src/vl53l0x_class.o
                0x0000000008002ca0                VL53L0X_GetDeviceMode
 .text.VL53L0X_GetInterMeasurementPeriodMilliSeconds
                0x0000000008002cc6       0x68 Core/Src/vl53l0x_class.o
                0x0000000008002cc6                VL53L0X_GetInterMeasurementPeriodMilliSeconds
 .text.VL53L0X_GetXTalkCompensationRateMegaCps
                0x0000000008002d2e       0x66 Core/Src/vl53l0x_class.o
                0x0000000008002d2e                VL53L0X_GetXTalkCompensationRateMegaCps
 .text.VL53L0X_GetLimitCheckValue
                0x0000000008002d94      0x11c Core/Src/vl53l0x_class.o
                0x0000000008002d94                VL53L0X_GetLimitCheckValue
 .text.VL53L0X_GetLimitCheckEnable
                0x0000000008002eb0       0x46 Core/Src/vl53l0x_class.o
                0x0000000008002eb0                VL53L0X_GetLimitCheckEnable
 .text.VL53L0X_GetWrapAroundCheckEnable
                0x0000000008002ef6       0x64 Core/Src/vl53l0x_class.o
                0x0000000008002ef6                VL53L0X_GetWrapAroundCheckEnable
 *fill*         0x0000000008002f5a        0x2 
 .text.sequence_step_enabled
                0x0000000008002f5c       0xa4 Core/Src/vl53l0x_class.o
                0x0000000008002f5c                sequence_step_enabled
 .text.VL53L0X_GetSequenceStepEnables
                0x0000000008003000       0xb0 Core/Src/vl53l0x_class.o
                0x0000000008003000                VL53L0X_GetSequenceStepEnables
 .text.VL53L0X_decode_vcsel_period
                0x00000000080030b0       0x26 Core/Src/vl53l0x_class.o
                0x00000000080030b0                VL53L0X_decode_vcsel_period
 .text.VL53L0X_get_vcsel_pulse_period
                0x00000000080030d6       0x6e Core/Src/vl53l0x_class.o
                0x00000000080030d6                VL53L0X_get_vcsel_pulse_period
 .text.VL53L0X_GetVcselPulsePeriod
                0x0000000008003144       0x2e Core/Src/vl53l0x_class.o
                0x0000000008003144                VL53L0X_GetVcselPulsePeriod
 .text.VL53L0X_decode_timeout
                0x0000000008003172       0x2c Core/Src/vl53l0x_class.o
                0x0000000008003172                VL53L0X_decode_timeout
 .text.VL53L0X_calc_macro_period_ps
                0x000000000800319e       0x3a Core/Src/vl53l0x_class.o
                0x000000000800319e                VL53L0X_calc_macro_period_ps
 .text.VL53L0X_calc_timeout_us
                0x00000000080031d8       0x54 Core/Src/vl53l0x_class.o
                0x00000000080031d8                VL53L0X_calc_timeout_us
 .text.get_sequence_step_timeout
                0x000000000800322c      0x1c2 Core/Src/vl53l0x_class.o
                0x000000000800322c                get_sequence_step_timeout
 .text.VL53L0X_get_measurement_timing_budget_micro_seconds
                0x00000000080033ee      0x162 Core/Src/vl53l0x_class.o
                0x00000000080033ee                VL53L0X_get_measurement_timing_budget_micro_seconds
 .text.VL53L0X_GetMeasurementTimingBudgetMicroSeconds
                0x0000000008003550       0x26 Core/Src/vl53l0x_class.o
                0x0000000008003550                VL53L0X_GetMeasurementTimingBudgetMicroSeconds
 .text.VL53L0X_GetDeviceParameters
                0x0000000008003576      0x120 Core/Src/vl53l0x_class.o
                0x0000000008003576                VL53L0X_GetDeviceParameters
 *fill*         0x0000000008003696        0x2 
 .text.VL53L0X_SetLimitCheckValue
                0x0000000008003698       0xc4 Core/Src/vl53l0x_class.o
                0x0000000008003698                VL53L0X_SetLimitCheckValue
 .text.VL53L0X_DataInit
                0x000000000800375c      0x2c8 Core/Src/vl53l0x_class.o
                0x000000000800375c                VL53L0X_DataInit
 .text.VL53L0X_check_part_used
                0x0000000008003a24       0x6a Core/Src/vl53l0x_class.o
                0x0000000008003a24                VL53L0X_check_part_used
 *fill*         0x0000000008003a8e        0x2 
 .text.VL53L0X_get_device_info
                0x0000000008003a90      0x108 Core/Src/vl53l0x_class.o
                0x0000000008003a90                VL53L0X_get_device_info
 .text.VL53L0X_GetDeviceInfo
                0x0000000008003b98       0x26 Core/Src/vl53l0x_class.o
                0x0000000008003b98                VL53L0X_GetDeviceInfo
 .text.VL53L0X_GetInterruptMaskStatus
                0x0000000008003bbe       0x44 Core/Src/vl53l0x_class.o
                0x0000000008003bbe                VL53L0X_GetInterruptMaskStatus
 .text.VL53L0X_GetMeasurementDataReady
                0x0000000008003c02       0x80 Core/Src/vl53l0x_class.o
                0x0000000008003c02                VL53L0X_GetMeasurementDataReady
 .text.VL53L0X_PollingDelay
                0x0000000008003c82       0x1e Core/Src/vl53l0x_class.o
                0x0000000008003c82                VL53L0X_PollingDelay
 .text.VL53L0X_measurement_poll_for_completion
                0x0000000008003ca0       0x60 Core/Src/vl53l0x_class.o
                0x0000000008003ca0                VL53L0X_measurement_poll_for_completion
 .text.VL53L0X_ClearInterruptMask
                0x0000000008003d00       0x80 Core/Src/vl53l0x_class.o
                0x0000000008003d00                VL53L0X_ClearInterruptMask
 .text.VL53L0X_perform_single_ref_calibration
                0x0000000008003d80       0x76 Core/Src/vl53l0x_class.o
                0x0000000008003d80                VL53L0X_perform_single_ref_calibration
 .text.VL53L0X_ref_calibration_io
                0x0000000008003df6      0x132 Core/Src/vl53l0x_class.o
                0x0000000008003df6                VL53L0X_ref_calibration_io
 .text.VL53L0X_perform_vhv_calibration
                0x0000000008003f28       0xce Core/Src/vl53l0x_class.o
                0x0000000008003f28                VL53L0X_perform_vhv_calibration
 .text.VL53L0X_perform_phase_calibration
                0x0000000008003ff6       0xca Core/Src/vl53l0x_class.o
                0x0000000008003ff6                VL53L0X_perform_phase_calibration
 .text.VL53L0X_perform_ref_calibration
                0x00000000080040c0       0x7a Core/Src/vl53l0x_class.o
                0x00000000080040c0                VL53L0X_perform_ref_calibration
 .text.get_next_good_spad
                0x000000000800413a       0xbc Core/Src/vl53l0x_class.o
                0x000000000800413a                get_next_good_spad
 *fill*         0x00000000080041f6        0x2 
 .text.is_aperture
                0x00000000080041f8       0x34 Core/Src/vl53l0x_class.o
                0x00000000080041f8                is_aperture
 .text.enable_spad_bit
                0x000000000800422c       0x70 Core/Src/vl53l0x_class.o
                0x000000000800422c                enable_spad_bit
 .text.set_ref_spad_map
                0x000000000800429c       0x26 Core/Src/vl53l0x_class.o
                0x000000000800429c                set_ref_spad_map
 .text.get_ref_spad_map
                0x00000000080042c2       0x26 Core/Src/vl53l0x_class.o
                0x00000000080042c2                get_ref_spad_map
 .text.enable_ref_spads
                0x00000000080042e8       0xf8 Core/Src/vl53l0x_class.o
                0x00000000080042e8                enable_ref_spads
 .text.VL53L0X_SetDeviceMode
                0x00000000080043e0       0x90 Core/Src/vl53l0x_class.o
                0x00000000080043e0                VL53L0X_SetDeviceMode
 .text.VL53L0X_GetInterruptThresholds
                0x0000000008004470       0x6c Core/Src/vl53l0x_class.o
                0x0000000008004470                VL53L0X_GetInterruptThresholds
 .text.VL53L0X_load_tuning_settings
                0x00000000080044dc      0x1c4 Core/Src/vl53l0x_class.o
                0x00000000080044dc                VL53L0X_load_tuning_settings
 .text.VL53L0X_CheckAndLoadInterruptSettings
                0x00000000080046a0       0xcc Core/Src/vl53l0x_class.o
                0x00000000080046a0                VL53L0X_CheckAndLoadInterruptSettings
 .text.VL53L0X_StartMeasurement
                0x000000000800476c      0x17e Core/Src/vl53l0x_class.o
                0x000000000800476c                VL53L0X_StartMeasurement
 .text.VL53L0X_PerformSingleMeasurement
                0x00000000080048ea       0x68 Core/Src/vl53l0x_class.o
                0x00000000080048ea                VL53L0X_PerformSingleMeasurement
 .text.VL53L0X_GetXTalkCompensationEnable
                0x0000000008004952       0x2a Core/Src/vl53l0x_class.o
                0x0000000008004952                VL53L0X_GetXTalkCompensationEnable
 .text.VL53L0X_get_total_xtalk_rate
                0x000000000800497c       0x5e Core/Src/vl53l0x_class.o
                0x000000000800497c                VL53L0X_get_total_xtalk_rate
 .text.VL53L0X_get_total_signal_rate
                0x00000000080049da       0x4a Core/Src/vl53l0x_class.o
                0x00000000080049da                VL53L0X_get_total_signal_rate
 .text.VL53L0X_calc_timeout_mclks
                0x0000000008004a24       0x54 Core/Src/vl53l0x_class.o
                0x0000000008004a24                VL53L0X_calc_timeout_mclks
 .text.VL53L0X_isqrt
                0x0000000008004a78       0x68 Core/Src/vl53l0x_class.o
                0x0000000008004a78                VL53L0X_isqrt
 .text.VL53L0X_calc_dmax
                0x0000000008004ae0      0x240 Core/Src/vl53l0x_class.o
                0x0000000008004ae0                VL53L0X_calc_dmax
 .text.VL53L0X_calc_sigma_estimate
                0x0000000008004d20      0x49c Core/Src/vl53l0x_class.o
                0x0000000008004d20                VL53L0X_calc_sigma_estimate
 .text.VL53L0X_get_pal_range_status
                0x00000000080051bc      0x3b6 Core/Src/vl53l0x_class.o
                0x00000000080051bc                VL53L0X_get_pal_range_status
 *fill*         0x0000000008005572        0x2 
 .text.VL53L0X_GetRangingMeasurementData
                0x0000000008005574      0x24c Core/Src/vl53l0x_class.o
                0x0000000008005574                VL53L0X_GetRangingMeasurementData
 .text.VL53L0X_PerformSingleRangingMeasurement
                0x00000000080057c0       0x60 Core/Src/vl53l0x_class.o
                0x00000000080057c0                VL53L0X_PerformSingleRangingMeasurement
 .text.perform_ref_signal_measurement
                0x0000000008005820       0xd4 Core/Src/vl53l0x_class.o
                0x0000000008005820                perform_ref_signal_measurement
 .text.VL53L0X_perform_ref_spad_management
                0x00000000080058f4      0x418 Core/Src/vl53l0x_class.o
                0x00000000080058f4                VL53L0X_perform_ref_spad_management
 .text.VL53L0X_set_reference_spads
                0x0000000008005d0c      0x14a Core/Src/vl53l0x_class.o
                0x0000000008005d0c                VL53L0X_set_reference_spads
 .text.VL53L0X_PerformRefCalibration
                0x0000000008005e56       0x2c Core/Src/vl53l0x_class.o
                0x0000000008005e56                VL53L0X_PerformRefCalibration
 .text.VL53L0X_PerformRefSpadManagement
                0x0000000008005e82       0x2a Core/Src/vl53l0x_class.o
                0x0000000008005e82                VL53L0X_PerformRefSpadManagement
 .text.VL53L0X_SetDeviceAddress
                0x0000000008005eac       0x30 Core/Src/vl53l0x_class.o
                0x0000000008005eac                VL53L0X_SetDeviceAddress
 .text.VL53L0X_SetGpioConfig
                0x0000000008005edc      0x248 Core/Src/vl53l0x_class.o
                0x0000000008005edc                VL53L0X_SetGpioConfig
 .text.VL53L0X_GetFractionEnable
                0x0000000008006124       0x3e Core/Src/vl53l0x_class.o
                0x0000000008006124                VL53L0X_GetFractionEnable
 .text.VL53L0X_encode_timeout
                0x0000000008006162       0x58 Core/Src/vl53l0x_class.o
                0x0000000008006162                VL53L0X_encode_timeout
 .text.set_sequence_step_timeout
                0x00000000080061ba      0x1e4 Core/Src/vl53l0x_class.o
                0x00000000080061ba                set_sequence_step_timeout
 .text.VL53L0X_set_measurement_timing_budget_micro_seconds
                0x000000000800639e      0x1c0 Core/Src/vl53l0x_class.o
                0x000000000800639e                VL53L0X_set_measurement_timing_budget_micro_seconds
 .text.VL53L0X_SetMeasurementTimingBudgetMicroSeconds
                0x000000000800655e       0x26 Core/Src/vl53l0x_class.o
                0x000000000800655e                VL53L0X_SetMeasurementTimingBudgetMicroSeconds
 .text.VL53L0X_SetSequenceStepEnable
                0x0000000008006584      0x144 Core/Src/vl53l0x_class.o
                0x0000000008006584                VL53L0X_SetSequenceStepEnable
 .text.VL53L0X_SetLimitCheckEnable
                0x00000000080066c8      0x118 Core/Src/vl53l0x_class.o
                0x00000000080066c8                VL53L0X_SetLimitCheckEnable
 .text.VL53L0X_StaticInit
                0x00000000080067e0      0x2f4 Core/Src/vl53l0x_class.o
                0x00000000080067e0                VL53L0X_StaticInit
 .text.VL53L0X_WriteMulti
                0x0000000008006ad4       0x32 Core/Src/vl53l0x_class.o
                0x0000000008006ad4                VL53L0X_WriteMulti
 .text.VL53L0X_ReadMulti
                0x0000000008006b06       0x3e Core/Src/vl53l0x_class.o
                0x0000000008006b06                VL53L0X_ReadMulti
 .text.VL53L0X_WrByte
                0x0000000008006b44       0x30 Core/Src/vl53l0x_class.o
                0x0000000008006b44                VL53L0X_WrByte
 .text.VL53L0X_WrWord
                0x0000000008006b74       0x42 Core/Src/vl53l0x_class.o
                0x0000000008006b74                VL53L0X_WrWord
 .text.VL53L0X_RdByte
                0x0000000008006bb6       0x38 Core/Src/vl53l0x_class.o
                0x0000000008006bb6                VL53L0X_RdByte
 .text.VL53L0X_RdWord
                0x0000000008006bee       0x52 Core/Src/vl53l0x_class.o
                0x0000000008006bee                VL53L0X_RdWord
 .text.VL53L0X_RdDWord
                0x0000000008006c40       0x54 Core/Src/vl53l0x_class.o
                0x0000000008006c40                VL53L0X_RdDWord
 .text.VL53L0X_UpdateByte
                0x0000000008006c94       0x6c Core/Src/vl53l0x_class.o
                0x0000000008006c94                VL53L0X_UpdateByte
 .text.VL53L0X_I2CRead
                0x0000000008006d00       0x80 Core/Src/vl53l0x_class.o
                0x0000000008006d00                VL53L0X_I2CRead
 .text.VL53L0X_I2CWrite
                0x0000000008006d80       0x80 Core/Src/vl53l0x_class.o
                0x0000000008006d80                VL53L0X_I2CWrite
 .text.VL53L0X_ReadID
                0x0000000008006e00       0x3c Core/Src/vl53l0x_class.o
                0x0000000008006e00                VL53L0X_ReadID
 .text.VL53L0X_IsPresent
                0x0000000008006e3c       0x1a Core/Src/vl53l0x_class.o
                0x0000000008006e3c                VL53L0X_IsPresent
 *fill*         0x0000000008006e56        0x2 
 .text.VL53L0X_InitSensor
                0x0000000008006e58       0xb0 Core/Src/vl53l0x_class.o
                0x0000000008006e58                VL53L0X_InitSensor
 .text.HAL_Init
                0x0000000008006f08       0x44 Drivers/STM32F4xx_HAL_Driver/Src/stm32f4xx_hal.o
                0x0000000008006f08                HAL_Init
 .text.HAL_InitTick
                0x0000000008006f4c       0x60 Drivers/STM32F4xx_HAL_Driver/Src/stm32f4xx_hal.o
                0x0000000008006f4c                HAL_InitTick
 .text.HAL_IncTick
                0x0000000008006fac       0x28 Drivers/STM32F4xx_HAL_Driver/Src/stm32f4xx_hal.o
                0x0000000008006fac                HAL_IncTick
 .text.HAL_GetTick
                0x0000000008006fd4       0x18 Drivers/STM32F4xx_HAL_Driver/Src/stm32f4xx_hal.o
                0x0000000008006fd4                HAL_GetTick
 .text.HAL_Delay
                0x0000000008006fec       0x44 Drivers/STM32F4xx_HAL_Driver/Src/stm32f4xx_hal.o
                0x0000000008006fec                HAL_Delay
 .text.__NVIC_SetPriorityGrouping
                0x0000000008007030       0x48 Drivers/STM32F4xx_HAL_Driver/Src/stm32f4xx_hal_cortex.o
 .text.__NVIC_GetPriorityGrouping
                0x0000000008007078       0x1c Drivers/STM32F4xx_HAL_Driver/Src/stm32f4xx_hal_cortex.o
 .text.__NVIC_EnableIRQ
                0x0000000008007094       0x3c Drivers/STM32F4xx_HAL_Driver/Src/stm32f4xx_hal_cortex.o
 .text.__NVIC_SetPriority
                0x00000000080070d0       0x54 Drivers/STM32F4xx_HAL_Driver/Src/stm32f4xx_hal_cortex.o
 .text.NVIC_EncodePriority
                0x0000000008007124       0x66 Drivers/STM32F4xx_HAL_Driver/Src/stm32f4xx_hal_cortex.o
 *fill*         0x000000000800718a        0x2 
 .text.SysTick_Config
                0x000000000800718c       0x44 Drivers/STM32F4xx_HAL_Driver/Src/stm32f4xx_hal_cortex.o
 .text.HAL_NVIC_SetPriorityGrouping
                0x00000000080071d0       0x16 Drivers/STM32F4xx_HAL_Driver/Src/stm32f4xx_hal_cortex.o
                0x00000000080071d0                HAL_NVIC_SetPriorityGrouping
 .text.HAL_NVIC_SetPriority
                0x00000000080071e6       0x38 Drivers/STM32F4xx_HAL_Driver/Src/stm32f4xx_hal_cortex.o
                0x00000000080071e6                HAL_NVIC_SetPriority
 .text.HAL_NVIC_EnableIRQ
                0x000000000800721e       0x1c Drivers/STM32F4xx_HAL_Driver/Src/stm32f4xx_hal_cortex.o
                0x000000000800721e                HAL_NVIC_EnableIRQ
 .text.HAL_SYSTICK_Config
                0x000000000800723a       0x18 Drivers/STM32F4xx_HAL_Driver/Src/stm32f4xx_hal_cortex.o
                0x000000000800723a                HAL_SYSTICK_Config
 *fill*         0x0000000008007252        0x2 
 .text.HAL_DMA_Init
                0x0000000008007254      0x15c Drivers/STM32F4xx_HAL_Driver/Src/stm32f4xx_hal_dma.o
                0x0000000008007254                HAL_DMA_Init
 .text.HAL_DMA_Start_IT
                0x00000000080073b0       0xb0 Drivers/STM32F4xx_HAL_Driver/Src/stm32f4xx_hal_dma.o
                0x00000000080073b0                HAL_DMA_Start_IT
 .text.HAL_DMA_Abort
                0x0000000008007460       0xe0 Drivers/STM32F4xx_HAL_Driver/Src/stm32f4xx_hal_dma.o
                0x0000000008007460                HAL_DMA_Abort
 .text.HAL_DMA_Abort_IT
                0x0000000008007540       0x44 Drivers/STM32F4xx_HAL_Driver/Src/stm32f4xx_hal_dma.o
                0x0000000008007540                HAL_DMA_Abort_IT
 .text.HAL_DMA_IRQHandler
                0x0000000008007584      0x314 Drivers/STM32F4xx_HAL_Driver/Src/stm32f4xx_hal_dma.o
                0x0000000008007584                HAL_DMA_IRQHandler
 .text.DMA_SetConfig
                0x0000000008007898       0x5c Drivers/STM32F4xx_HAL_Driver/Src/stm32f4xx_hal_dma.o
 .text.DMA_CalcBaseAndBitshift
                0x00000000080078f4       0x6c Drivers/STM32F4xx_HAL_Driver/Src/stm32f4xx_hal_dma.o
 .text.DMA_CheckFifoParam
                0x0000000008007960       0xf4 Drivers/STM32F4xx_HAL_Driver/Src/stm32f4xx_hal_dma.o
 .text.HAL_GPIO_Init
                0x0000000008007a54      0x304 Drivers/STM32F4xx_HAL_Driver/Src/stm32f4xx_hal_gpio.o
                0x0000000008007a54                HAL_GPIO_Init
 .text.HAL_GPIO_WritePin
                0x0000000008007d58       0x32 Drivers/STM32F4xx_HAL_Driver/Src/stm32f4xx_hal_gpio.o
                0x0000000008007d58                HAL_GPIO_WritePin
 *fill*         0x0000000008007d8a        0x2 
 .text.HAL_I2C_Init
                0x0000000008007d8c      0x270 Drivers/STM32F4xx_HAL_Driver/Src/stm32f4xx_hal_i2c.o
                0x0000000008007d8c                HAL_I2C_Init
 .text.HAL_I2C_Master_Transmit
                0x0000000008007ffc      0x1fc Drivers/STM32F4xx_HAL_Driver/Src/stm32f4xx_hal_i2c.o
                0x0000000008007ffc                HAL_I2C_Master_Transmit
 .text.HAL_I2C_Master_Receive
                0x00000000080081f8      0x44c Drivers/STM32F4xx_HAL_Driver/Src/stm32f4xx_hal_i2c.o
                0x00000000080081f8                HAL_I2C_Master_Receive
 .text.HAL_I2C_Mem_Write
                0x0000000008008644      0x1f4 Drivers/STM32F4xx_HAL_Driver/Src/stm32f4xx_hal_i2c.o
                0x0000000008008644                HAL_I2C_Mem_Write
 .text.HAL_I2C_IsDeviceReady
                0x0000000008008838      0x25c Drivers/STM32F4xx_HAL_Driver/Src/stm32f4xx_hal_i2c.o
                0x0000000008008838                HAL_I2C_IsDeviceReady
 .text.I2C_MasterRequestWrite
                0x0000000008008a94      0x104 Drivers/STM32F4xx_HAL_Driver/Src/stm32f4xx_hal_i2c.o
 .text.I2C_MasterRequestRead
                0x0000000008008b98      0x19c Drivers/STM32F4xx_HAL_Driver/Src/stm32f4xx_hal_i2c.o
 .text.I2C_RequestMemoryWrite
                0x0000000008008d34      0x12c Drivers/STM32F4xx_HAL_Driver/Src/stm32f4xx_hal_i2c.o
 .text.I2C_WaitOnFlagUntilTimeout
                0x0000000008008e60       0xae Drivers/STM32F4xx_HAL_Driver/Src/stm32f4xx_hal_i2c.o
 .text.I2C_WaitOnMasterAddressFlagUntilTimeout
                0x0000000008008f0e       0xfe Drivers/STM32F4xx_HAL_Driver/Src/stm32f4xx_hal_i2c.o
 .text.I2C_WaitOnTXEFlagUntilTimeout
                0x000000000800900c       0x82 Drivers/STM32F4xx_HAL_Driver/Src/stm32f4xx_hal_i2c.o
 .text.I2C_WaitOnBTFFlagUntilTimeout
                0x000000000800908e       0x82 Drivers/STM32F4xx_HAL_Driver/Src/stm32f4xx_hal_i2c.o
 .text.I2C_WaitOnRXNEFlagUntilTimeout
                0x0000000008009110       0xac Drivers/STM32F4xx_HAL_Driver/Src/stm32f4xx_hal_i2c.o
 .text.I2C_IsAcknowledgeFailed
                0x00000000080091bc       0x5e Drivers/STM32F4xx_HAL_Driver/Src/stm32f4xx_hal_i2c.o
 *fill*         0x000000000800921a        0x2 
 .text.HAL_RCC_OscConfig
                0x000000000800921c      0x4e0 Drivers/STM32F4xx_HAL_Driver/Src/stm32f4xx_hal_rcc.o
                0x000000000800921c                HAL_RCC_OscConfig
 .text.HAL_RCC_ClockConfig
                0x00000000080096fc      0x1cc Drivers/STM32F4xx_HAL_Driver/Src/stm32f4xx_hal_rcc.o
                0x00000000080096fc                HAL_RCC_ClockConfig
 .text.HAL_RCC_GetSysClockFreq
                0x00000000080098c8      0x164 Drivers/STM32F4xx_HAL_Driver/Src/stm32f4xx_hal_rcc.o
                0x00000000080098c8                HAL_RCC_GetSysClockFreq
 .text.HAL_RCC_GetHCLKFreq
                0x0000000008009a2c       0x18 Drivers/STM32F4xx_HAL_Driver/Src/stm32f4xx_hal_rcc.o
                0x0000000008009a2c                HAL_RCC_GetHCLKFreq
 .text.HAL_RCC_GetPCLK1Freq
                0x0000000008009a44       0x28 Drivers/STM32F4xx_HAL_Driver/Src/stm32f4xx_hal_rcc.o
                0x0000000008009a44                HAL_RCC_GetPCLK1Freq
 .text.HAL_RCC_GetPCLK2Freq
                0x0000000008009a6c       0x28 Drivers/STM32F4xx_HAL_Driver/Src/stm32f4xx_hal_rcc.o
                0x0000000008009a6c                HAL_RCC_GetPCLK2Freq
 .text.HAL_UART_Init
                0x0000000008009a94       0x9a Drivers/STM32F4xx_HAL_Driver/Src/stm32f4xx_hal_uart.o
                0x0000000008009a94                HAL_UART_Init
 .text.HAL_UART_Transmit
                0x0000000008009b2e      0x132 Drivers/STM32F4xx_HAL_Driver/Src/stm32f4xx_hal_uart.o
                0x0000000008009b2e                HAL_UART_Transmit
 .text.HAL_UART_Receive_DMA
                0x0000000008009c60      0x100 Drivers/STM32F4xx_HAL_Driver/Src/stm32f4xx_hal_uart.o
                0x0000000008009c60                HAL_UART_Receive_DMA
 .text.HAL_UART_DMAStop
                0x0000000008009d60       0xb6 Drivers/STM32F4xx_HAL_Driver/Src/stm32f4xx_hal_uart.o
                0x0000000008009d60                HAL_UART_DMAStop
 *fill*         0x0000000008009e16        0x2 
 .text.HAL_UART_IRQHandler
                0x0000000008009e18      0x200 Drivers/STM32F4xx_HAL_Driver/Src/stm32f4xx_hal_uart.o
                0x0000000008009e18                HAL_UART_IRQHandler
 .text.HAL_UART_TxCpltCallback
                0x000000000800a018       0x14 Drivers/STM32F4xx_HAL_Driver/Src/stm32f4xx_hal_uart.o
                0x000000000800a018                HAL_UART_TxCpltCallback
 .text.HAL_UART_ErrorCallback
                0x000000000800a02c       0x14 Drivers/STM32F4xx_HAL_Driver/Src/stm32f4xx_hal_uart.o
                0x000000000800a02c                HAL_UART_ErrorCallback
 .text.UART_DMAReceiveCplt
                0x000000000800a040       0x68 Drivers/STM32F4xx_HAL_Driver/Src/stm32f4xx_hal_uart.o
 .text.UART_DMARxHalfCplt
                0x000000000800a0a8       0x1c Drivers/STM32F4xx_HAL_Driver/Src/stm32f4xx_hal_uart.o
 .text.UART_DMAError
                0x000000000800a0c4       0x94 Drivers/STM32F4xx_HAL_Driver/Src/stm32f4xx_hal_uart.o
 .text.UART_WaitOnFlagUntilTimeout
                0x000000000800a158       0x94 Drivers/STM32F4xx_HAL_Driver/Src/stm32f4xx_hal_uart.o
 .text.UART_EndTxTransfer
                0x000000000800a1ec       0x2c Drivers/STM32F4xx_HAL_Driver/Src/stm32f4xx_hal_uart.o
 .text.UART_EndRxTransfer
                0x000000000800a218       0x3c Drivers/STM32F4xx_HAL_Driver/Src/stm32f4xx_hal_uart.o
 .text.UART_DMAAbortOnError
                0x000000000800a254       0x28 Drivers/STM32F4xx_HAL_Driver/Src/stm32f4xx_hal_uart.o
 .text.UART_Transmit_IT
                0x000000000800a27c       0xac Drivers/STM32F4xx_HAL_Driver/Src/stm32f4xx_hal_uart.o
 .text.UART_EndTransmit_IT
                0x000000000800a328       0x30 Drivers/STM32F4xx_HAL_Driver/Src/stm32f4xx_hal_uart.o
 .text.UART_Receive_IT
                0x000000000800a358      0x102 Drivers/STM32F4xx_HAL_Driver/Src/stm32f4xx_hal_uart.o
 *fill*         0x000000000800a45a        0x2 
 .text.UART_SetConfig
                0x000000000800a45c      0x6f8 Drivers/STM32F4xx_HAL_Driver/Src/stm32f4xx_hal_uart.o
 .text.Reset_Handler
                0x000000000800ab54       0x50 startup/startup_stm32f411xe.o
                0x000000000800ab54                Reset_Handler
 .text.Default_Handler
                0x000000000800aba4        0x2 startup/startup_stm32f411xe.o
                0x000000000800aba4                RTC_Alarm_IRQHandler
                0x000000000800aba4                EXTI2_IRQHandler
                0x000000000800aba4                SPI4_IRQHandler
                0x000000000800aba4                TIM1_CC_IRQHandler
                0x000000000800aba4                DMA2_Stream5_IRQHandler
                0x000000000800aba4                PVD_IRQHandler
                0x000000000800aba4                SDIO_IRQHandler
                0x000000000800aba4                TAMP_STAMP_IRQHandler
                0x000000000800aba4                EXTI3_IRQHandler
                0x000000000800aba4                TIM1_UP_TIM10_IRQHandler
                0x000000000800aba4                I2C3_ER_IRQHandler
                0x000000000800aba4                EXTI0_IRQHandler
                0x000000000800aba4                I2C2_EV_IRQHandler
                0x000000000800aba4                DMA1_Stream2_IRQHandler
                0x000000000800aba4                FPU_IRQHandler
                0x000000000800aba4                DMA2_Stream2_IRQHandler
                0x000000000800aba4                SPI1_IRQHandler
                0x000000000800aba4                TIM1_BRK_TIM9_IRQHandler
                0x000000000800aba4                DMA2_Stream3_IRQHandler
                0x000000000800aba4                DMA2_Stream0_IRQHandler
                0x000000000800aba4                TIM4_IRQHandler
                0x000000000800aba4                I2C1_EV_IRQHandler
                0x000000000800aba4                DMA1_Stream6_IRQHandler
                0x000000000800aba4                DMA1_Stream1_IRQHandler
                0x000000000800aba4                TIM3_IRQHandler
                0x000000000800aba4                RCC_IRQHandler
                0x000000000800aba4                Default_Handler
                0x000000000800aba4                EXTI15_10_IRQHandler
                0x000000000800aba4                ADC_IRQHandler
                0x000000000800aba4                DMA1_Stream7_IRQHandler
                0x000000000800aba4                SPI5_IRQHandler
                0x000000000800aba4                TIM5_IRQHandler
                0x000000000800aba4                DMA2_Stream7_IRQHandler
                0x000000000800aba4                I2C3_EV_IRQHandler
                0x000000000800aba4                EXTI9_5_IRQHandler
                0x000000000800aba4                RTC_WKUP_IRQHandler
                0x000000000800aba4                SPI2_IRQHandler
                0x000000000800aba4                DMA1_Stream0_IRQHandler
                0x000000000800aba4                EXTI4_IRQHandler
                0x000000000800aba4                WWDG_IRQHandler
                0x000000000800aba4                TIM2_IRQHandler
                0x000000000800aba4                OTG_FS_WKUP_IRQHandler
                0x000000000800aba4                TIM1_TRG_COM_TIM11_IRQHandler
                0x000000000800aba4                EXTI1_IRQHandler
                0x000000000800aba4                I2C2_ER_IRQHandler
                0x000000000800aba4                FLASH_IRQHandler
                0x000000000800aba4                DMA2_Stream4_IRQHandler
                0x000000000800aba4                USART1_IRQHandler
                0x000000000800aba4                OTG_FS_IRQHandler
                0x000000000800aba4                SPI3_IRQHandler
                0x000000000800aba4                DMA1_Stream4_IRQHandler
                0x000000000800aba4                I2C1_ER_IRQHandler
                0x000000000800aba4                DMA2_Stream6_IRQHandler
                0x000000000800aba4                DMA1_Stream3_IRQHandler
 *fill*         0x000000000800aba6        0x2 
 .text.__errno  0x000000000800aba8        0xc /home/coleman/Ac6/SystemWorkbench/plugins/fr.ac6.mcu.externaltools.arm-none.linux64_1.17.0.201812190825/tools/compiler/bin/../lib/gcc/arm-none-eabi/7.3.1/../../../../arm-none-eabi/lib/thumb/v7e-m/fpv4-sp/hard/libc_nano.a(lib_a-errno.o)
                0x000000000800aba8                __errno
 .text.__libc_init_array
                0x000000000800abb4       0x48 /home/coleman/Ac6/SystemWorkbench/plugins/fr.ac6.mcu.externaltools.arm-none.linux64_1.17.0.201812190825/tools/compiler/bin/../lib/gcc/arm-none-eabi/7.3.1/../../../../arm-none-eabi/lib/thumb/v7e-m/fpv4-sp/hard/libc_nano.a(lib_a-init.o)
                0x000000000800abb4                __libc_init_array
 .text.memcpy   0x000000000800abfc       0x16 /home/coleman/Ac6/SystemWorkbench/plugins/fr.ac6.mcu.externaltools.arm-none.linux64_1.17.0.201812190825/tools/compiler/bin/../lib/gcc/arm-none-eabi/7.3.1/../../../../arm-none-eabi/lib/thumb/v7e-m/fpv4-sp/hard/libc_nano.a(lib_a-memcpy-stub.o)
                0x000000000800abfc                memcpy
 .text.memset   0x000000000800ac12       0x10 /home/coleman/Ac6/SystemWorkbench/plugins/fr.ac6.mcu.externaltools.arm-none.linux64_1.17.0.201812190825/tools/compiler/bin/../lib/gcc/arm-none-eabi/7.3.1/../../../../arm-none-eabi/lib/thumb/v7e-m/fpv4-sp/hard/libc_nano.a(lib_a-memset.o)
                0x000000000800ac12                memset
 *fill*         0x000000000800ac22        0x2 
 .text.printf   0x000000000800ac24       0x30 /home/coleman/Ac6/SystemWorkbench/plugins/fr.ac6.mcu.externaltools.arm-none.linux64_1.17.0.201812190825/tools/compiler/bin/../lib/gcc/arm-none-eabi/7.3.1/../../../../arm-none-eabi/lib/thumb/v7e-m/fpv4-sp/hard/libc_nano.a(lib_a-printf.o)
                0x000000000800ac24                printf
                0x000000000800ac24                iprintf
 .text._puts_r  0x000000000800ac54       0xb8 /home/coleman/Ac6/SystemWorkbench/plugins/fr.ac6.mcu.externaltools.arm-none.linux64_1.17.0.201812190825/tools/compiler/bin/../lib/gcc/arm-none-eabi/7.3.1/../../../../arm-none-eabi/lib/thumb/v7e-m/fpv4-sp/hard/libc_nano.a(lib_a-puts.o)
                0x000000000800ac54                _puts_r
 .text.puts     0x000000000800ad0c       0x10 /home/coleman/Ac6/SystemWorkbench/plugins/fr.ac6.mcu.externaltools.arm-none.linux64_1.17.0.201812190825/tools/compiler/bin/../lib/gcc/arm-none-eabi/7.3.1/../../../../arm-none-eabi/lib/thumb/v7e-m/fpv4-sp/hard/libc_nano.a(lib_a-puts.o)
                0x000000000800ad0c                puts
 .text.sprintf  0x000000000800ad1c       0x40 /home/coleman/Ac6/SystemWorkbench/plugins/fr.ac6.mcu.externaltools.arm-none.linux64_1.17.0.201812190825/tools/compiler/bin/../lib/gcc/arm-none-eabi/7.3.1/../../../../arm-none-eabi/lib/thumb/v7e-m/fpv4-sp/hard/libc_nano.a(lib_a-sprintf.o)
                0x000000000800ad1c                sprintf
                0x000000000800ad1c                siprintf
 .text.strcpy   0x000000000800ad5c       0x10 /home/coleman/Ac6/SystemWorkbench/plugins/fr.ac6.mcu.externaltools.arm-none.linux64_1.17.0.201812190825/tools/compiler/bin/../lib/gcc/arm-none-eabi/7.3.1/../../../../arm-none-eabi/lib/thumb/v7e-m/fpv4-sp/hard/libc_nano.a(lib_a-strcpy.o)
                0x000000000800ad5c                strcpy
 .text.__swbuf_r
                0x000000000800ad6c       0xa4 /home/coleman/Ac6/SystemWorkbench/plugins/fr.ac6.mcu.externaltools.arm-none.linux64_1.17.0.201812190825/tools/compiler/bin/../lib/gcc/arm-none-eabi/7.3.1/../../../../arm-none-eabi/lib/thumb/v7e-m/fpv4-sp/hard/libc_nano.a(lib_a-wbuf.o)
                0x000000000800ad6c                __swbuf_r
 .text.__swsetup_r
                0x000000000800ae10       0xdc /home/coleman/Ac6/SystemWorkbench/plugins/fr.ac6.mcu.externaltools.arm-none.linux64_1.17.0.201812190825/tools/compiler/bin/../lib/gcc/arm-none-eabi/7.3.1/../../../../arm-none-eabi/lib/thumb/v7e-m/fpv4-sp/hard/libc_nano.a(lib_a-wsetup.o)
                0x000000000800ae10                __swsetup_r
 .text.__sflush_r
                0x000000000800aeec      0x10c /home/coleman/Ac6/SystemWorkbench/plugins/fr.ac6.mcu.externaltools.arm-none.linux64_1.17.0.201812190825/tools/compiler/bin/../lib/gcc/arm-none-eabi/7.3.1/../../../../arm-none-eabi/lib/thumb/v7e-m/fpv4-sp/hard/libc_nano.a(lib_a-fflush.o)
                0x000000000800aeec                __sflush_r
 .text._fflush_r
                0x000000000800aff8       0x54 /home/coleman/Ac6/SystemWorkbench/plugins/fr.ac6.mcu.externaltools.arm-none.linux64_1.17.0.201812190825/tools/compiler/bin/../lib/gcc/arm-none-eabi/7.3.1/../../../../arm-none-eabi/lib/thumb/v7e-m/fpv4-sp/hard/libc_nano.a(lib_a-fflush.o)
                0x000000000800aff8                _fflush_r
 .text.std      0x000000000800b04c       0x48 /home/coleman/Ac6/SystemWorkbench/plugins/fr.ac6.mcu.externaltools.arm-none.linux64_1.17.0.201812190825/tools/compiler/bin/../lib/gcc/arm-none-eabi/7.3.1/../../../../arm-none-eabi/lib/thumb/v7e-m/fpv4-sp/hard/libc_nano.a(lib_a-findfp.o)
 .text._cleanup_r
                0x000000000800b094        0xc /home/coleman/Ac6/SystemWorkbench/plugins/fr.ac6.mcu.externaltools.arm-none.linux64_1.17.0.201812190825/tools/compiler/bin/../lib/gcc/arm-none-eabi/7.3.1/../../../../arm-none-eabi/lib/thumb/v7e-m/fpv4-sp/hard/libc_nano.a(lib_a-findfp.o)
                0x000000000800b094                _cleanup_r
 .text.__sfmoreglue
                0x000000000800b0a0       0x2c /home/coleman/Ac6/SystemWorkbench/plugins/fr.ac6.mcu.externaltools.arm-none.linux64_1.17.0.201812190825/tools/compiler/bin/../lib/gcc/arm-none-eabi/7.3.1/../../../../arm-none-eabi/lib/thumb/v7e-m/fpv4-sp/hard/libc_nano.a(lib_a-findfp.o)
                0x000000000800b0a0                __sfmoreglue
 .text.__sinit  0x000000000800b0cc       0x60 /home/coleman/Ac6/SystemWorkbench/plugins/fr.ac6.mcu.externaltools.arm-none.linux64_1.17.0.201812190825/tools/compiler/bin/../lib/gcc/arm-none-eabi/7.3.1/../../../../arm-none-eabi/lib/thumb/v7e-m/fpv4-sp/hard/libc_nano.a(lib_a-findfp.o)
                0x000000000800b0cc                __sinit
 .text.__sfp    0x000000000800b12c       0x78 /home/coleman/Ac6/SystemWorkbench/plugins/fr.ac6.mcu.externaltools.arm-none.linux64_1.17.0.201812190825/tools/compiler/bin/../lib/gcc/arm-none-eabi/7.3.1/../../../../arm-none-eabi/lib/thumb/v7e-m/fpv4-sp/hard/libc_nano.a(lib_a-findfp.o)
                0x000000000800b12c                __sfp
 .text._fwalk_reent
                0x000000000800b1a4       0x3c /home/coleman/Ac6/SystemWorkbench/plugins/fr.ac6.mcu.externaltools.arm-none.linux64_1.17.0.201812190825/tools/compiler/bin/../lib/gcc/arm-none-eabi/7.3.1/../../../../arm-none-eabi/lib/thumb/v7e-m/fpv4-sp/hard/libc_nano.a(lib_a-fwalk.o)
                0x000000000800b1a4                _fwalk_reent
 .text.__swhatbuf_r
                0x000000000800b1e0       0x48 /home/coleman/Ac6/SystemWorkbench/plugins/fr.ac6.mcu.externaltools.arm-none.linux64_1.17.0.201812190825/tools/compiler/bin/../lib/gcc/arm-none-eabi/7.3.1/../../../../arm-none-eabi/lib/thumb/v7e-m/fpv4-sp/hard/libc_nano.a(lib_a-makebuf.o)
                0x000000000800b1e0                __swhatbuf_r
 .text.__smakebuf_r
                0x000000000800b228       0x80 /home/coleman/Ac6/SystemWorkbench/plugins/fr.ac6.mcu.externaltools.arm-none.linux64_1.17.0.201812190825/tools/compiler/bin/../lib/gcc/arm-none-eabi/7.3.1/../../../../arm-none-eabi/lib/thumb/v7e-m/fpv4-sp/hard/libc_nano.a(lib_a-makebuf.o)
                0x000000000800b228                __smakebuf_r
 .text._free_r  0x000000000800b2a8       0x9c /home/coleman/Ac6/SystemWorkbench/plugins/fr.ac6.mcu.externaltools.arm-none.linux64_1.17.0.201812190825/tools/compiler/bin/../lib/gcc/arm-none-eabi/7.3.1/../../../../arm-none-eabi/lib/thumb/v7e-m/fpv4-sp/hard/libc_nano.a(lib_a-nano-freer.o)
                0x000000000800b2a8                _free_r
 .text._malloc_r
                0x000000000800b344       0xb4 /home/coleman/Ac6/SystemWorkbench/plugins/fr.ac6.mcu.externaltools.arm-none.linux64_1.17.0.201812190825/tools/compiler/bin/../lib/gcc/arm-none-eabi/7.3.1/../../../../arm-none-eabi/lib/thumb/v7e-m/fpv4-sp/hard/libc_nano.a(lib_a-nano-mallocr.o)
                0x000000000800b344                _malloc_r
 .text.__ssputs_r
                0x000000000800b3f8       0xb4 /home/coleman/Ac6/SystemWorkbench/plugins/fr.ac6.mcu.externaltools.arm-none.linux64_1.17.0.201812190825/tools/compiler/bin/../lib/gcc/arm-none-eabi/7.3.1/../../../../arm-none-eabi/lib/thumb/v7e-m/fpv4-sp/hard/libc_nano.a(lib_a-nano-svfprintf.o)
                0x000000000800b3f8                __ssputs_r
 .text._svfprintf_r
                0x000000000800b4ac      0x1f0 /home/coleman/Ac6/SystemWorkbench/plugins/fr.ac6.mcu.externaltools.arm-none.linux64_1.17.0.201812190825/tools/compiler/bin/../lib/gcc/arm-none-eabi/7.3.1/../../../../arm-none-eabi/lib/thumb/v7e-m/fpv4-sp/hard/libc_nano.a(lib_a-nano-svfprintf.o)
                0x000000000800b4ac                _svfprintf_r
                0x000000000800b4ac                _svfiprintf_r
 .text.__sfputc_r
                0x000000000800b69c       0x2e /home/coleman/Ac6/SystemWorkbench/plugins/fr.ac6.mcu.externaltools.arm-none.linux64_1.17.0.201812190825/tools/compiler/bin/../lib/gcc/arm-none-eabi/7.3.1/../../../../arm-none-eabi/lib/thumb/v7e-m/fpv4-sp/hard/libc_nano.a(lib_a-nano-vfprintf.o)
 .text.__sfputs_r
                0x000000000800b6ca       0x24 /home/coleman/Ac6/SystemWorkbench/plugins/fr.ac6.mcu.externaltools.arm-none.linux64_1.17.0.201812190825/tools/compiler/bin/../lib/gcc/arm-none-eabi/7.3.1/../../../../arm-none-eabi/lib/thumb/v7e-m/fpv4-sp/hard/libc_nano.a(lib_a-nano-vfprintf.o)
                0x000000000800b6ca                __sfputs_r
 *fill*         0x000000000800b6ee        0x2 
 .text._vfprintf_r
                0x000000000800b6f0      0x22c /home/coleman/Ac6/SystemWorkbench/plugins/fr.ac6.mcu.externaltools.arm-none.linux64_1.17.0.201812190825/tools/compiler/bin/../lib/gcc/arm-none-eabi/7.3.1/../../../../arm-none-eabi/lib/thumb/v7e-m/fpv4-sp/hard/libc_nano.a(lib_a-nano-vfprintf.o)
                0x000000000800b6f0                _vfiprintf_r
                0x000000000800b6f0                _vfprintf_r
 .text._printf_common
                0x000000000800b91c       0xea /home/coleman/Ac6/SystemWorkbench/plugins/fr.ac6.mcu.externaltools.arm-none.linux64_1.17.0.201812190825/tools/compiler/bin/../lib/gcc/arm-none-eabi/7.3.1/../../../../arm-none-eabi/lib/thumb/v7e-m/fpv4-sp/hard/libc_nano.a(lib_a-nano-vfprintf_i.o)
                0x000000000800b91c                _printf_common
 *fill*         0x000000000800ba06        0x2 
 .text._printf_i
                0x000000000800ba08      0x224 /home/coleman/Ac6/SystemWorkbench/plugins/fr.ac6.mcu.externaltools.arm-none.linux64_1.17.0.201812190825/tools/compiler/bin/../lib/gcc/arm-none-eabi/7.3.1/../../../../arm-none-eabi/lib/thumb/v7e-m/fpv4-sp/hard/libc_nano.a(lib_a-nano-vfprintf_i.o)
                0x000000000800ba08                _printf_i
 .text._sbrk_r  0x000000000800bc2c       0x20 /home/coleman/Ac6/SystemWorkbench/plugins/fr.ac6.mcu.externaltools.arm-none.linux64_1.17.0.201812190825/tools/compiler/bin/../lib/gcc/arm-none-eabi/7.3.1/../../../../arm-none-eabi/lib/thumb/v7e-m/fpv4-sp/hard/libc_nano.a(lib_a-sbrkr.o)
                0x000000000800bc2c                _sbrk_r
 .text.__sread  0x000000000800bc4c       0x22 /home/coleman/Ac6/SystemWorkbench/plugins/fr.ac6.mcu.externaltools.arm-none.linux64_1.17.0.201812190825/tools/compiler/bin/../lib/gcc/arm-none-eabi/7.3.1/../../../../arm-none-eabi/lib/thumb/v7e-m/fpv4-sp/hard/libc_nano.a(lib_a-stdio.o)
                0x000000000800bc4c                __sread
 .text.__swrite
                0x000000000800bc6e       0x38 /home/coleman/Ac6/SystemWorkbench/plugins/fr.ac6.mcu.externaltools.arm-none.linux64_1.17.0.201812190825/tools/compiler/bin/../lib/gcc/arm-none-eabi/7.3.1/../../../../arm-none-eabi/lib/thumb/v7e-m/fpv4-sp/hard/libc_nano.a(lib_a-stdio.o)
                0x000000000800bc6e                __swrite
 .text.__sseek  0x000000000800bca6       0x24 /home/coleman/Ac6/SystemWorkbench/plugins/fr.ac6.mcu.externaltools.arm-none.linux64_1.17.0.201812190825/tools/compiler/bin/../lib/gcc/arm-none-eabi/7.3.1/../../../../arm-none-eabi/lib/thumb/v7e-m/fpv4-sp/hard/libc_nano.a(lib_a-stdio.o)
                0x000000000800bca6                __sseek
 .text.__sclose
                0x000000000800bcca        0x8 /home/coleman/Ac6/SystemWorkbench/plugins/fr.ac6.mcu.externaltools.arm-none.linux64_1.17.0.201812190825/tools/compiler/bin/../lib/gcc/arm-none-eabi/7.3.1/../../../../arm-none-eabi/lib/thumb/v7e-m/fpv4-sp/hard/libc_nano.a(lib_a-stdio.o)
                0x000000000800bcca                __sclose
 *fill*         0x000000000800bcd2        0x2 
 .text._write_r
                0x000000000800bcd4       0x24 /home/coleman/Ac6/SystemWorkbench/plugins/fr.ac6.mcu.externaltools.arm-none.linux64_1.17.0.201812190825/tools/compiler/bin/../lib/gcc/arm-none-eabi/7.3.1/../../../../arm-none-eabi/lib/thumb/v7e-m/fpv4-sp/hard/libc_nano.a(lib_a-writer.o)
                0x000000000800bcd4                _write_r
 .text._close_r
                0x000000000800bcf8       0x20 /home/coleman/Ac6/SystemWorkbench/plugins/fr.ac6.mcu.externaltools.arm-none.linux64_1.17.0.201812190825/tools/compiler/bin/../lib/gcc/arm-none-eabi/7.3.1/../../../../arm-none-eabi/lib/thumb/v7e-m/fpv4-sp/hard/libc_nano.a(lib_a-closer.o)
                0x000000000800bcf8                _close_r
 .text._fstat_r
                0x000000000800bd18       0x24 /home/coleman/Ac6/SystemWorkbench/plugins/fr.ac6.mcu.externaltools.arm-none.linux64_1.17.0.201812190825/tools/compiler/bin/../lib/gcc/arm-none-eabi/7.3.1/../../../../arm-none-eabi/lib/thumb/v7e-m/fpv4-sp/hard/libc_nano.a(lib_a-fstatr.o)
                0x000000000800bd18                _fstat_r
 .text._isatty_r
                0x000000000800bd3c       0x20 /home/coleman/Ac6/SystemWorkbench/plugins/fr.ac6.mcu.externaltools.arm-none.linux64_1.17.0.201812190825/tools/compiler/bin/../lib/gcc/arm-none-eabi/7.3.1/../../../../arm-none-eabi/lib/thumb/v7e-m/fpv4-sp/hard/libc_nano.a(lib_a-isattyr.o)
                0x000000000800bd3c                _isatty_r
 .text._lseek_r
                0x000000000800bd5c       0x24 /home/coleman/Ac6/SystemWorkbench/plugins/fr.ac6.mcu.externaltools.arm-none.linux64_1.17.0.201812190825/tools/compiler/bin/../lib/gcc/arm-none-eabi/7.3.1/../../../../arm-none-eabi/lib/thumb/v7e-m/fpv4-sp/hard/libc_nano.a(lib_a-lseekr.o)
                0x000000000800bd5c                _lseek_r
 .text.memmove  0x000000000800bd80       0x32 /home/coleman/Ac6/SystemWorkbench/plugins/fr.ac6.mcu.externaltools.arm-none.linux64_1.17.0.201812190825/tools/compiler/bin/../lib/gcc/arm-none-eabi/7.3.1/../../../../arm-none-eabi/lib/thumb/v7e-m/fpv4-sp/hard/libc_nano.a(lib_a-memmove.o)
                0x000000000800bd80                memmove
 .text.__malloc_lock
                0x000000000800bdb2        0x2 /home/coleman/Ac6/SystemWorkbench/plugins/fr.ac6.mcu.externaltools.arm-none.linux64_1.17.0.201812190825/tools/compiler/bin/../lib/gcc/arm-none-eabi/7.3.1/../../../../arm-none-eabi/lib/thumb/v7e-m/fpv4-sp/hard/libc_nano.a(lib_a-mlock.o)
                0x000000000800bdb2                __malloc_lock
 .text.__malloc_unlock
                0x000000000800bdb4        0x2 /home/coleman/Ac6/SystemWorkbench/plugins/fr.ac6.mcu.externaltools.arm-none.linux64_1.17.0.201812190825/tools/compiler/bin/../lib/gcc/arm-none-eabi/7.3.1/../../../../arm-none-eabi/lib/thumb/v7e-m/fpv4-sp/hard/libc_nano.a(lib_a-mlock.o)
                0x000000000800bdb4                __malloc_unlock
 .text._realloc_r
                0x000000000800bdb6       0x4c /home/coleman/Ac6/SystemWorkbench/plugins/fr.ac6.mcu.externaltools.arm-none.linux64_1.17.0.201812190825/tools/compiler/bin/../lib/gcc/arm-none-eabi/7.3.1/../../../../arm-none-eabi/lib/thumb/v7e-m/fpv4-sp/hard/libc_nano.a(lib_a-nano-reallocr.o)
                0x000000000800bdb6                _realloc_r
 *fill*         0x000000000800be02        0x2 
 .text._read_r  0x000000000800be04       0x24 /home/coleman/Ac6/SystemWorkbench/plugins/fr.ac6.mcu.externaltools.arm-none.linux64_1.17.0.201812190825/tools/compiler/bin/../lib/gcc/arm-none-eabi/7.3.1/../../../../arm-none-eabi/lib/thumb/v7e-m/fpv4-sp/hard/libc_nano.a(lib_a-readr.o)
                0x000000000800be04                _read_r
 .text._malloc_usable_size_r
                0x000000000800be28       0x10 /home/coleman/Ac6/SystemWorkbench/plugins/fr.ac6.mcu.externaltools.arm-none.linux64_1.17.0.201812190825/tools/compiler/bin/../lib/gcc/arm-none-eabi/7.3.1/../../../../arm-none-eabi/lib/thumb/v7e-m/fpv4-sp/hard/libc_nano.a(lib_a-nano-msizer.o)
                0x000000000800be28                _malloc_usable_size_r
 *(.glue_7)
 .glue_7        0x000000000800be38        0x0 linker stubs
 *(.glue_7t)
 .glue_7t       0x000000000800be38        0x0 linker stubs
 *(.eh_frame)
 .eh_frame      0x000000000800be38        0x0 /home/coleman/Ac6/SystemWorkbench/plugins/fr.ac6.mcu.externaltools.arm-none.linux64_1.17.0.201812190825/tools/compiler/bin/../lib/gcc/arm-none-eabi/7.3.1/thumb/v7e-m/fpv4-sp/hard/crtbegin.o
 *(.init)
 .init          0x000000000800be38        0x4 /home/coleman/Ac6/SystemWorkbench/plugins/fr.ac6.mcu.externaltools.arm-none.linux64_1.17.0.201812190825/tools/compiler/bin/../lib/gcc/arm-none-eabi/7.3.1/thumb/v7e-m/fpv4-sp/hard/crti.o
                0x000000000800be38                _init
 .init          0x000000000800be3c        0x8 /home/coleman/Ac6/SystemWorkbench/plugins/fr.ac6.mcu.externaltools.arm-none.linux64_1.17.0.201812190825/tools/compiler/bin/../lib/gcc/arm-none-eabi/7.3.1/thumb/v7e-m/fpv4-sp/hard/crtn.o
 *(.fini)
 .fini          0x000000000800be44        0x4 /home/coleman/Ac6/SystemWorkbench/plugins/fr.ac6.mcu.externaltools.arm-none.linux64_1.17.0.201812190825/tools/compiler/bin/../lib/gcc/arm-none-eabi/7.3.1/thumb/v7e-m/fpv4-sp/hard/crti.o
                0x000000000800be44                _fini
 .fini          0x000000000800be48        0x8 /home/coleman/Ac6/SystemWorkbench/plugins/fr.ac6.mcu.externaltools.arm-none.linux64_1.17.0.201812190825/tools/compiler/bin/../lib/gcc/arm-none-eabi/7.3.1/thumb/v7e-m/fpv4-sp/hard/crtn.o
                0x000000000800be50                . = ALIGN (0x4)
                0x000000000800be50                _etext = .

.vfp11_veneer   0x000000000800be50        0x0
 .vfp11_veneer  0x000000000800be50        0x0 linker stubs

.v4_bx          0x000000000800be50        0x0
 .v4_bx         0x000000000800be50        0x0 linker stubs

.iplt           0x000000000800be50        0x0
 .iplt          0x000000000800be50        0x0 /home/coleman/Ac6/SystemWorkbench/plugins/fr.ac6.mcu.externaltools.arm-none.linux64_1.17.0.201812190825/tools/compiler/bin/../lib/gcc/arm-none-eabi/7.3.1/thumb/v7e-m/fpv4-sp/hard/crtbegin.o

.rodata         0x000000000800be50      0x2bc
                0x000000000800be50                . = ALIGN (0x4)
 *(.rodata)
 .rodata        0x000000000800be50       0xa6 Core/Src/main.o
 *fill*         0x000000000800bef6        0x2 
 .rodata        0x000000000800bef8       0x18 Core/Src/system_stm32f4xx.o
                0x000000000800bef8                AHBPrescTable
                0x000000000800bf08                APBPrescTable
 .rodata        0x000000000800bf10      0x159 Core/Src/vl53l0x_class.o
 *fill*         0x000000000800c069        0x3 
 .rodata        0x000000000800c06c        0x8 Drivers/STM32F4xx_HAL_Driver/Src/stm32f4xx_hal_dma.o
 *(.rodata*)
 .rodata._global_impure_ptr
                0x000000000800c074        0x4 /home/coleman/Ac6/SystemWorkbench/plugins/fr.ac6.mcu.externaltools.arm-none.linux64_1.17.0.201812190825/tools/compiler/bin/../lib/gcc/arm-none-eabi/7.3.1/../../../../arm-none-eabi/lib/thumb/v7e-m/fpv4-sp/hard/libc_nano.a(lib_a-impure.o)
                0x000000000800c074                _global_impure_ptr
 .rodata.__sf_fake_stderr
                0x000000000800c078       0x20 /home/coleman/Ac6/SystemWorkbench/plugins/fr.ac6.mcu.externaltools.arm-none.linux64_1.17.0.201812190825/tools/compiler/bin/../lib/gcc/arm-none-eabi/7.3.1/../../../../arm-none-eabi/lib/thumb/v7e-m/fpv4-sp/hard/libc_nano.a(lib_a-findfp.o)
                0x000000000800c078                __sf_fake_stderr
 .rodata.__sf_fake_stdin
                0x000000000800c098       0x20 /home/coleman/Ac6/SystemWorkbench/plugins/fr.ac6.mcu.externaltools.arm-none.linux64_1.17.0.201812190825/tools/compiler/bin/../lib/gcc/arm-none-eabi/7.3.1/../../../../arm-none-eabi/lib/thumb/v7e-m/fpv4-sp/hard/libc_nano.a(lib_a-findfp.o)
                0x000000000800c098                __sf_fake_stdin
 .rodata.__sf_fake_stdout
                0x000000000800c0b8       0x20 /home/coleman/Ac6/SystemWorkbench/plugins/fr.ac6.mcu.externaltools.arm-none.linux64_1.17.0.201812190825/tools/compiler/bin/../lib/gcc/arm-none-eabi/7.3.1/../../../../arm-none-eabi/lib/thumb/v7e-m/fpv4-sp/hard/libc_nano.a(lib_a-findfp.o)
                0x000000000800c0b8                __sf_fake_stdout
 .rodata._svfprintf_r.str1.1
                0x000000000800c0d8       0x11 /home/coleman/Ac6/SystemWorkbench/plugins/fr.ac6.mcu.externaltools.arm-none.linux64_1.17.0.201812190825/tools/compiler/bin/../lib/gcc/arm-none-eabi/7.3.1/../../../../arm-none-eabi/lib/thumb/v7e-m/fpv4-sp/hard/libc_nano.a(lib_a-nano-svfprintf.o)
 .rodata._vfprintf_r.str1.1
                0x000000000800c0e9       0x11 /home/coleman/Ac6/SystemWorkbench/plugins/fr.ac6.mcu.externaltools.arm-none.linux64_1.17.0.201812190825/tools/compiler/bin/../lib/gcc/arm-none-eabi/7.3.1/../../../../arm-none-eabi/lib/thumb/v7e-m/fpv4-sp/hard/libc_nano.a(lib_a-nano-vfprintf.o)
 .rodata._printf_i.str1.1
                0x000000000800c0e9       0x22 /home/coleman/Ac6/SystemWorkbench/plugins/fr.ac6.mcu.externaltools.arm-none.linux64_1.17.0.201812190825/tools/compiler/bin/../lib/gcc/arm-none-eabi/7.3.1/../../../../arm-none-eabi/lib/thumb/v7e-m/fpv4-sp/hard/libc_nano.a(lib_a-nano-vfprintf_i.o)
                0x000000000800c10c                . = ALIGN (0x4)
 *fill*         0x000000000800c10b        0x1 

.ARM.extab
 *(.ARM.extab* .gnu.linkonce.armextab.*)

.ARM            0x000000000800c10c        0x8
                0x000000000800c10c                __exidx_start = .
 *(.ARM.exidx*)
 .ARM.exidx     0x000000000800c10c        0x8 /home/coleman/Ac6/SystemWorkbench/plugins/fr.ac6.mcu.externaltools.arm-none.linux64_1.17.0.201812190825/tools/compiler/bin/../lib/gcc/arm-none-eabi/7.3.1/thumb/v7e-m/fpv4-sp/hard/libgcc.a(_udivmoddi4.o)
                0x000000000800c114                __exidx_end = .

.rel.dyn        0x000000000800c114        0x0
 .rel.iplt      0x000000000800c114        0x0 /home/coleman/Ac6/SystemWorkbench/plugins/fr.ac6.mcu.externaltools.arm-none.linux64_1.17.0.201812190825/tools/compiler/bin/../lib/gcc/arm-none-eabi/7.3.1/thumb/v7e-m/fpv4-sp/hard/crtbegin.o

.preinit_array  0x000000000800c114        0x0
                0x000000000800c114                PROVIDE (__preinit_array_start = .)
 *(.preinit_array*)
                0x000000000800c114                PROVIDE (__preinit_array_end = .)

.init_array     0x000000000800c114        0x4
                0x000000000800c114                PROVIDE (__init_array_start = .)
 *(SORT_BY_NAME(.init_array.*))
 *(.init_array*)
 .init_array    0x000000000800c114        0x4 /home/coleman/Ac6/SystemWorkbench/plugins/fr.ac6.mcu.externaltools.arm-none.linux64_1.17.0.201812190825/tools/compiler/bin/../lib/gcc/arm-none-eabi/7.3.1/thumb/v7e-m/fpv4-sp/hard/crtbegin.o
                0x000000000800c118                PROVIDE (__init_array_end = .)

.fini_array     0x000000000800c118        0x4
                [!provide]                        PROVIDE (__fini_array_start = .)
 *(SORT_BY_NAME(.fini_array.*))
 *(.fini_array*)
 .fini_array    0x000000000800c118        0x4 /home/coleman/Ac6/SystemWorkbench/plugins/fr.ac6.mcu.externaltools.arm-none.linux64_1.17.0.201812190825/tools/compiler/bin/../lib/gcc/arm-none-eabi/7.3.1/thumb/v7e-m/fpv4-sp/hard/crtbegin.o
                [!provide]                        PROVIDE (__fini_array_end = .)
                0x000000000800c11c                _sidata = LOADADDR (.data)

.data           0x0000000020000000      0x32c load address 0x000000000800c11c
                0x0000000020000000                . = ALIGN (0x4)
                0x0000000020000000                _sdata = .
 *(.data)
 .data          0x0000000020000000        0x4 Core/Src/system_stm32f4xx.o
                0x0000000020000000                SystemCoreClock
 .data          0x0000000020000004      0x2bc Core/Src/vl53l0x_class.o
                0x0000000020000004                InterruptThresholdSettings
                0x00000000200001bc                DefaultTuningSettings
                0x00000000200002b0                refArrayQuadrants
 .data          0x00000000200002c0        0x5 Drivers/STM32F4xx_HAL_Driver/Src/stm32f4xx_hal.o
                0x00000000200002c0                uwTickPrio
                0x00000000200002c4                uwTickFreq
 *(.data*)
 *fill*         0x00000000200002c5        0x3 
 .data._impure_ptr
                0x00000000200002c8        0x4 /home/coleman/Ac6/SystemWorkbench/plugins/fr.ac6.mcu.externaltools.arm-none.linux64_1.17.0.201812190825/tools/compiler/bin/../lib/gcc/arm-none-eabi/7.3.1/../../../../arm-none-eabi/lib/thumb/v7e-m/fpv4-sp/hard/libc_nano.a(lib_a-impure.o)
                0x00000000200002c8                _impure_ptr
 .data.impure_data
                0x00000000200002cc       0x60 /home/coleman/Ac6/SystemWorkbench/plugins/fr.ac6.mcu.externaltools.arm-none.linux64_1.17.0.201812190825/tools/compiler/bin/../lib/gcc/arm-none-eabi/7.3.1/../../../../arm-none-eabi/lib/thumb/v7e-m/fpv4-sp/hard/libc_nano.a(lib_a-impure.o)
                0x000000002000032c                . = ALIGN (0x4)
                0x000000002000032c                _edata = .

.igot.plt       0x000000002000032c        0x0 load address 0x000000000800c448
 .igot.plt      0x000000002000032c        0x0 /home/coleman/Ac6/SystemWorkbench/plugins/fr.ac6.mcu.externaltools.arm-none.linux64_1.17.0.201812190825/tools/compiler/bin/../lib/gcc/arm-none-eabi/7.3.1/thumb/v7e-m/fpv4-sp/hard/crtbegin.o
                0x000000002000032c                . = ALIGN (0x4)

.bss            0x000000002000032c     0x74b8 load address 0x000000000800c448
                0x000000002000032c                _sbss = .
                0x000000002000032c                __bss_start__ = _sbss
 *(.bss)
 .bss           0x000000002000032c       0x1c /home/coleman/Ac6/SystemWorkbench/plugins/fr.ac6.mcu.externaltools.arm-none.linux64_1.17.0.201812190825/tools/compiler/bin/../lib/gcc/arm-none-eabi/7.3.1/thumb/v7e-m/fpv4-sp/hard/crtbegin.o
 .bss           0x0000000020000348      0x220 Core/Src/main.o
                0x0000000020000348                conv_cplt
                0x0000000020000349                data_length
                0x000000002000034c                data1
                0x0000000020000358                data_cell_RX
                0x0000000020000420                data_cell_RX_stored
                0x000000002000042c                data_PC_in
                0x00000000200004f4                val
                0x00000000200004f8                invVal
 .bss           0x0000000020000568        0x8 Core/Src/syscalls.o
                0x0000000020000568                __env
 *(.bss*)
 .bss.__malloc_free_list
                0x0000000020000570        0x4 /home/coleman/Ac6/SystemWorkbench/plugins/fr.ac6.mcu.externaltools.arm-none.linux64_1.17.0.201812190825/tools/compiler/bin/../lib/gcc/arm-none-eabi/7.3.1/../../../../arm-none-eabi/lib/thumb/v7e-m/fpv4-sp/hard/libc_nano.a(lib_a-nano-mallocr.o)
                0x0000000020000570                __malloc_free_list
 .bss.__malloc_sbrk_start
                0x0000000020000574        0x4 /home/coleman/Ac6/SystemWorkbench/plugins/fr.ac6.mcu.externaltools.arm-none.linux64_1.17.0.201812190825/tools/compiler/bin/../lib/gcc/arm-none-eabi/7.3.1/../../../../arm-none-eabi/lib/thumb/v7e-m/fpv4-sp/hard/libc_nano.a(lib_a-nano-mallocr.o)
                0x0000000020000574                __malloc_sbrk_start
 *(COMMON)
 COMMON         0x0000000020000578     0x7264 Core/Src/main.o
                0x0000000020000578                hdma_usart2_rx
                0x00000000200005d8                s6
                0x0000000020000738                hdma_usart6_rx
                0x0000000020000798                s10
                0x00000000200008f8                s3_str
                0x0000000020000911                scaner
                0x0000000020000914                Write
                0x0000000020000918                Read
                0x000000002000091c                hi2c1
                0x0000000020000970                s2_str
                0x000000002000098c                sx_str
                0x00000000200009b4                s_str
                0x00000000200009e8                s1
                0x0000000020000b48                s12
                0x0000000020000ca8                sx
                0x00000000200064a8                UART_Buffer
                0x00000000200064b2                i
                0x00000000200064b4                DeviceInfo
                0x0000000020006518                s9
                0x0000000020006678                s13
                0x00000000200067d8                inv
                0x0000000020006818                s4_str
                0x0000000020006834                s4
                0x0000000020006994                traySels
                0x0000000020006998                s8
                0x0000000020006af8                data
                0x0000000020006b04                s5
                0x0000000020006c64                s14
                0x0000000020006dc4                result
                0x0000000020006dc8                s2
                0x0000000020006f28                huart6
                0x0000000020006f68                DMA_RX_Buffer
                0x0000000020006f74                avgDist
                0x0000000020006ff4                s15
                0x0000000020007154                s11
                0x00000000200072b4                huart2
                0x00000000200072f4                data_temp_out
                0x00000000200073bc                s3
                0x000000002000751c                s7
                0x000000002000767c                s16
 COMMON         0x00000000200077dc        0x4 Drivers/STM32F4xx_HAL_Driver/Src/stm32f4xx_hal.o
                0x00000000200077dc                uwTick
 COMMON         0x00000000200077e0        0x4 /home/coleman/Ac6/SystemWorkbench/plugins/fr.ac6.mcu.externaltools.arm-none.linux64_1.17.0.201812190825/tools/compiler/bin/../lib/gcc/arm-none-eabi/7.3.1/../../../../arm-none-eabi/lib/thumb/v7e-m/fpv4-sp/hard/libc_nano.a(lib_a-reent.o)
                0x00000000200077e0                errno
                0x00000000200077e4                . = ALIGN (0x4)
                0x00000000200077e4                _ebss = .
                0x00000000200077e4                __bss_end__ = _ebss

._user_heap_stack
                0x00000000200077e4      0x604 load address 0x000000000800c448
                0x00000000200077e8                . = ALIGN (0x8)
 *fill*         0x00000000200077e4        0x4 
                0x00000000200077e8                PROVIDE (end = .)
                [!provide]                        PROVIDE (_end = .)
                0x00000000200079e8                . = (. + _Min_Heap_Size)
 *fill*         0x00000000200077e8      0x200 
                0x0000000020007de8                . = (. + _Min_Stack_Size)
 *fill*         0x00000000200079e8      0x400 
                0x0000000020007de8                . = ALIGN (0x8)

/DISCARD/
 libc.a(*)
 libm.a(*)
 libgcc.a(*)

.ARM.attributes
                0x0000000000000000       0x30
 *(.ARM.attributes)
 .ARM.attributes
                0x0000000000000000       0x22 /home/coleman/Ac6/SystemWorkbench/plugins/fr.ac6.mcu.externaltools.arm-none.linux64_1.17.0.201812190825/tools/compiler/bin/../lib/gcc/arm-none-eabi/7.3.1/thumb/v7e-m/fpv4-sp/hard/crti.o
 .ARM.attributes
                0x0000000000000022       0x34 /home/coleman/Ac6/SystemWorkbench/plugins/fr.ac6.mcu.externaltools.arm-none.linux64_1.17.0.201812190825/tools/compiler/bin/../lib/gcc/arm-none-eabi/7.3.1/thumb/v7e-m/fpv4-sp/hard/crtbegin.o
 .ARM.attributes
                0x0000000000000056       0x39 Core/Src/main.o
 .ARM.attributes
                0x000000000000008f       0x39 Core/Src/mcp23017.o
 .ARM.attributes
                0x00000000000000c8       0x39 Core/Src/stm32f4xx_hal_msp.o
 .ARM.attributes
                0x0000000000000101       0x39 Core/Src/stm32f4xx_it.o
 .ARM.attributes
                0x000000000000013a       0x39 Core/Src/syscalls.o
 .ARM.attributes
                0x0000000000000173       0x39 Core/Src/system_stm32f4xx.o
 .ARM.attributes
                0x00000000000001ac       0x39 Core/Src/vl53l0x_class.o
 .ARM.attributes
                0x00000000000001e5       0x39 Drivers/STM32F4xx_HAL_Driver/Src/stm32f4xx_hal.o
 .ARM.attributes
                0x000000000000021e       0x39 Drivers/STM32F4xx_HAL_Driver/Src/stm32f4xx_hal_cortex.o
 .ARM.attributes
                0x0000000000000257       0x39 Drivers/STM32F4xx_HAL_Driver/Src/stm32f4xx_hal_dma.o
 .ARM.attributes
                0x0000000000000290       0x39 Drivers/STM32F4xx_HAL_Driver/Src/stm32f4xx_hal_gpio.o
 .ARM.attributes
                0x00000000000002c9       0x39 Drivers/STM32F4xx_HAL_Driver/Src/stm32f4xx_hal_i2c.o
 .ARM.attributes
                0x0000000000000302       0x39 Drivers/STM32F4xx_HAL_Driver/Src/stm32f4xx_hal_rcc.o
 .ARM.attributes
                0x000000000000033b       0x39 Drivers/STM32F4xx_HAL_Driver/Src/stm32f4xx_hal_uart.o
 .ARM.attributes
                0x0000000000000374       0x21 startup/startup_stm32f411xe.o
 .ARM.attributes
                0x0000000000000395       0x22 /home/coleman/Ac6/SystemWorkbench/plugins/fr.ac6.mcu.externaltools.arm-none.linux64_1.17.0.201812190825/tools/compiler/bin/../lib/gcc/arm-none-eabi/7.3.1/thumb/v7e-m/fpv4-sp/hard/libgcc.a(_aeabi_uldivmod.o)
 .ARM.attributes
                0x00000000000003b7       0x34 /home/coleman/Ac6/SystemWorkbench/plugins/fr.ac6.mcu.externaltools.arm-none.linux64_1.17.0.201812190825/tools/compiler/bin/../lib/gcc/arm-none-eabi/7.3.1/thumb/v7e-m/fpv4-sp/hard/libgcc.a(_udivmoddi4.o)
 .ARM.attributes
                0x00000000000003eb       0x22 /home/coleman/Ac6/SystemWorkbench/plugins/fr.ac6.mcu.externaltools.arm-none.linux64_1.17.0.201812190825/tools/compiler/bin/../lib/gcc/arm-none-eabi/7.3.1/thumb/v7e-m/fpv4-sp/hard/libgcc.a(_dvmd_tls.o)
 .ARM.attributes
                0x000000000000040d       0x34 /home/coleman/Ac6/SystemWorkbench/plugins/fr.ac6.mcu.externaltools.arm-none.linux64_1.17.0.201812190825/tools/compiler/bin/../lib/gcc/arm-none-eabi/7.3.1/../../../../arm-none-eabi/lib/thumb/v7e-m/fpv4-sp/hard/libc_nano.a(lib_a-errno.o)
 .ARM.attributes
                0x0000000000000441       0x34 /home/coleman/Ac6/SystemWorkbench/plugins/fr.ac6.mcu.externaltools.arm-none.linux64_1.17.0.201812190825/tools/compiler/bin/../lib/gcc/arm-none-eabi/7.3.1/../../../../arm-none-eabi/lib/thumb/v7e-m/fpv4-sp/hard/libc_nano.a(lib_a-impure.o)
 .ARM.attributes
                0x0000000000000475       0x34 /home/coleman/Ac6/SystemWorkbench/plugins/fr.ac6.mcu.externaltools.arm-none.linux64_1.17.0.201812190825/tools/compiler/bin/../lib/gcc/arm-none-eabi/7.3.1/../../../../arm-none-eabi/lib/thumb/v7e-m/fpv4-sp/hard/libc_nano.a(lib_a-init.o)
 .ARM.attributes
                0x00000000000004a9       0x34 /home/coleman/Ac6/SystemWorkbench/plugins/fr.ac6.mcu.externaltools.arm-none.linux64_1.17.0.201812190825/tools/compiler/bin/../lib/gcc/arm-none-eabi/7.3.1/../../../../arm-none-eabi/lib/thumb/v7e-m/fpv4-sp/hard/libc_nano.a(lib_a-memcpy-stub.o)
 .ARM.attributes
                0x00000000000004dd       0x34 /home/coleman/Ac6/SystemWorkbench/plugins/fr.ac6.mcu.externaltools.arm-none.linux64_1.17.0.201812190825/tools/compiler/bin/../lib/gcc/arm-none-eabi/7.3.1/../../../../arm-none-eabi/lib/thumb/v7e-m/fpv4-sp/hard/libc_nano.a(lib_a-memset.o)
 .ARM.attributes
                0x0000000000000511       0x34 /home/coleman/Ac6/SystemWorkbench/plugins/fr.ac6.mcu.externaltools.arm-none.linux64_1.17.0.201812190825/tools/compiler/bin/../lib/gcc/arm-none-eabi/7.3.1/../../../../arm-none-eabi/lib/thumb/v7e-m/fpv4-sp/hard/libc_nano.a(lib_a-printf.o)
 .ARM.attributes
                0x0000000000000545       0x34 /home/coleman/Ac6/SystemWorkbench/plugins/fr.ac6.mcu.externaltools.arm-none.linux64_1.17.0.201812190825/tools/compiler/bin/../lib/gcc/arm-none-eabi/7.3.1/../../../../arm-none-eabi/lib/thumb/v7e-m/fpv4-sp/hard/libc_nano.a(lib_a-puts.o)
 .ARM.attributes
                0x0000000000000579       0x34 /home/coleman/Ac6/SystemWorkbench/plugins/fr.ac6.mcu.externaltools.arm-none.linux64_1.17.0.201812190825/tools/compiler/bin/../lib/gcc/arm-none-eabi/7.3.1/../../../../arm-none-eabi/lib/thumb/v7e-m/fpv4-sp/hard/libc_nano.a(lib_a-sprintf.o)
 .ARM.attributes
                0x00000000000005ad       0x20 /home/coleman/Ac6/SystemWorkbench/plugins/fr.ac6.mcu.externaltools.arm-none.linux64_1.17.0.201812190825/tools/compiler/bin/../lib/gcc/arm-none-eabi/7.3.1/../../../../arm-none-eabi/lib/thumb/v7e-m/fpv4-sp/hard/libc_nano.a(lib_a-strcmp.o)
 .ARM.attributes
                0x00000000000005cd       0x34 /home/coleman/Ac6/SystemWorkbench/plugins/fr.ac6.mcu.externaltools.arm-none.linux64_1.17.0.201812190825/tools/compiler/bin/../lib/gcc/arm-none-eabi/7.3.1/../../../../arm-none-eabi/lib/thumb/v7e-m/fpv4-sp/hard/libc_nano.a(lib_a-strcpy.o)
 .ARM.attributes
                0x0000000000000601       0x1b /home/coleman/Ac6/SystemWorkbench/plugins/fr.ac6.mcu.externaltools.arm-none.linux64_1.17.0.201812190825/tools/compiler/bin/../lib/gcc/arm-none-eabi/7.3.1/../../../../arm-none-eabi/lib/thumb/v7e-m/fpv4-sp/hard/libc_nano.a(lib_a-strlen.o)
 .ARM.attributes
                0x000000000000061c       0x34 /home/coleman/Ac6/SystemWorkbench/plugins/fr.ac6.mcu.externaltools.arm-none.linux64_1.17.0.201812190825/tools/compiler/bin/../lib/gcc/arm-none-eabi/7.3.1/../../../../arm-none-eabi/lib/thumb/v7e-m/fpv4-sp/hard/libc_nano.a(lib_a-wbuf.o)
 .ARM.attributes
                0x0000000000000650       0x34 /home/coleman/Ac6/SystemWorkbench/plugins/fr.ac6.mcu.externaltools.arm-none.linux64_1.17.0.201812190825/tools/compiler/bin/../lib/gcc/arm-none-eabi/7.3.1/../../../../arm-none-eabi/lib/thumb/v7e-m/fpv4-sp/hard/libc_nano.a(lib_a-wsetup.o)
 .ARM.attributes
                0x0000000000000684       0x34 /home/coleman/Ac6/SystemWorkbench/plugins/fr.ac6.mcu.externaltools.arm-none.linux64_1.17.0.201812190825/tools/compiler/bin/../lib/gcc/arm-none-eabi/7.3.1/../../../../arm-none-eabi/lib/thumb/v7e-m/fpv4-sp/hard/libc_nano.a(lib_a-fflush.o)
 .ARM.attributes
                0x00000000000006b8       0x34 /home/coleman/Ac6/SystemWorkbench/plugins/fr.ac6.mcu.externaltools.arm-none.linux64_1.17.0.201812190825/tools/compiler/bin/../lib/gcc/arm-none-eabi/7.3.1/../../../../arm-none-eabi/lib/thumb/v7e-m/fpv4-sp/hard/libc_nano.a(lib_a-findfp.o)
 .ARM.attributes
                0x00000000000006ec       0x34 /home/coleman/Ac6/SystemWorkbench/plugins/fr.ac6.mcu.externaltools.arm-none.linux64_1.17.0.201812190825/tools/compiler/bin/../lib/gcc/arm-none-eabi/7.3.1/../../../../arm-none-eabi/lib/thumb/v7e-m/fpv4-sp/hard/libc_nano.a(lib_a-fwalk.o)
 .ARM.attributes
                0x0000000000000720       0x34 /home/coleman/Ac6/SystemWorkbench/plugins/fr.ac6.mcu.externaltools.arm-none.linux64_1.17.0.201812190825/tools/compiler/bin/../lib/gcc/arm-none-eabi/7.3.1/../../../../arm-none-eabi/lib/thumb/v7e-m/fpv4-sp/hard/libc_nano.a(lib_a-makebuf.o)
 .ARM.attributes
                0x0000000000000754       0x34 /home/coleman/Ac6/SystemWorkbench/plugins/fr.ac6.mcu.externaltools.arm-none.linux64_1.17.0.201812190825/tools/compiler/bin/../lib/gcc/arm-none-eabi/7.3.1/../../../../arm-none-eabi/lib/thumb/v7e-m/fpv4-sp/hard/libc_nano.a(lib_a-nano-freer.o)
 .ARM.attributes
                0x0000000000000788       0x34 /home/coleman/Ac6/SystemWorkbench/plugins/fr.ac6.mcu.externaltools.arm-none.linux64_1.17.0.201812190825/tools/compiler/bin/../lib/gcc/arm-none-eabi/7.3.1/../../../../arm-none-eabi/lib/thumb/v7e-m/fpv4-sp/hard/libc_nano.a(lib_a-nano-mallocr.o)
 .ARM.attributes
                0x00000000000007bc       0x34 /home/coleman/Ac6/SystemWorkbench/plugins/fr.ac6.mcu.externaltools.arm-none.linux64_1.17.0.201812190825/tools/compiler/bin/../lib/gcc/arm-none-eabi/7.3.1/../../../../arm-none-eabi/lib/thumb/v7e-m/fpv4-sp/hard/libc_nano.a(lib_a-nano-svfprintf.o)
 .ARM.attributes
                0x00000000000007f0       0x34 /home/coleman/Ac6/SystemWorkbench/plugins/fr.ac6.mcu.externaltools.arm-none.linux64_1.17.0.201812190825/tools/compiler/bin/../lib/gcc/arm-none-eabi/7.3.1/../../../../arm-none-eabi/lib/thumb/v7e-m/fpv4-sp/hard/libc_nano.a(lib_a-nano-vfprintf.o)
 .ARM.attributes
                0x0000000000000824       0x34 /home/coleman/Ac6/SystemWorkbench/plugins/fr.ac6.mcu.externaltools.arm-none.linux64_1.17.0.201812190825/tools/compiler/bin/../lib/gcc/arm-none-eabi/7.3.1/../../../../arm-none-eabi/lib/thumb/v7e-m/fpv4-sp/hard/libc_nano.a(lib_a-nano-vfprintf_i.o)
 .ARM.attributes
                0x0000000000000858       0x34 /home/coleman/Ac6/SystemWorkbench/plugins/fr.ac6.mcu.externaltools.arm-none.linux64_1.17.0.201812190825/tools/compiler/bin/../lib/gcc/arm-none-eabi/7.3.1/../../../../arm-none-eabi/lib/thumb/v7e-m/fpv4-sp/hard/libc_nano.a(lib_a-sbrkr.o)
 .ARM.attributes
                0x000000000000088c       0x34 /home/coleman/Ac6/SystemWorkbench/plugins/fr.ac6.mcu.externaltools.arm-none.linux64_1.17.0.201812190825/tools/compiler/bin/../lib/gcc/arm-none-eabi/7.3.1/../../../../arm-none-eabi/lib/thumb/v7e-m/fpv4-sp/hard/libc_nano.a(lib_a-stdio.o)
 .ARM.attributes
                0x00000000000008c0       0x34 /home/coleman/Ac6/SystemWorkbench/plugins/fr.ac6.mcu.externaltools.arm-none.linux64_1.17.0.201812190825/tools/compiler/bin/../lib/gcc/arm-none-eabi/7.3.1/../../../../arm-none-eabi/lib/thumb/v7e-m/fpv4-sp/hard/libc_nano.a(lib_a-writer.o)
 .ARM.attributes
                0x00000000000008f4       0x34 /home/coleman/Ac6/SystemWorkbench/plugins/fr.ac6.mcu.externaltools.arm-none.linux64_1.17.0.201812190825/tools/compiler/bin/../lib/gcc/arm-none-eabi/7.3.1/../../../../arm-none-eabi/lib/thumb/v7e-m/fpv4-sp/hard/libc_nano.a(lib_a-closer.o)
 .ARM.attributes
                0x0000000000000928       0x34 /home/coleman/Ac6/SystemWorkbench/plugins/fr.ac6.mcu.externaltools.arm-none.linux64_1.17.0.201812190825/tools/compiler/bin/../lib/gcc/arm-none-eabi/7.3.1/../../../../arm-none-eabi/lib/thumb/v7e-m/fpv4-sp/hard/libc_nano.a(lib_a-fstatr.o)
 .ARM.attributes
                0x000000000000095c       0x34 /home/coleman/Ac6/SystemWorkbench/plugins/fr.ac6.mcu.externaltools.arm-none.linux64_1.17.0.201812190825/tools/compiler/bin/../lib/gcc/arm-none-eabi/7.3.1/../../../../arm-none-eabi/lib/thumb/v7e-m/fpv4-sp/hard/libc_nano.a(lib_a-isattyr.o)
 .ARM.attributes
                0x0000000000000990       0x34 /home/coleman/Ac6/SystemWorkbench/plugins/fr.ac6.mcu.externaltools.arm-none.linux64_1.17.0.201812190825/tools/compiler/bin/../lib/gcc/arm-none-eabi/7.3.1/../../../../arm-none-eabi/lib/thumb/v7e-m/fpv4-sp/hard/libc_nano.a(lib_a-lseekr.o)
 .ARM.attributes
                0x00000000000009c4       0x20 /home/coleman/Ac6/SystemWorkbench/plugins/fr.ac6.mcu.externaltools.arm-none.linux64_1.17.0.201812190825/tools/compiler/bin/../lib/gcc/arm-none-eabi/7.3.1/../../../../arm-none-eabi/lib/thumb/v7e-m/fpv4-sp/hard/libc_nano.a(lib_a-memchr.o)
 .ARM.attributes
                0x00000000000009e4       0x34 /home/coleman/Ac6/SystemWorkbench/plugins/fr.ac6.mcu.externaltools.arm-none.linux64_1.17.0.201812190825/tools/compiler/bin/../lib/gcc/arm-none-eabi/7.3.1/../../../../arm-none-eabi/lib/thumb/v7e-m/fpv4-sp/hard/libc_nano.a(lib_a-memmove.o)
 .ARM.attributes
                0x0000000000000a18       0x34 /home/coleman/Ac6/SystemWorkbench/plugins/fr.ac6.mcu.externaltools.arm-none.linux64_1.17.0.201812190825/tools/compiler/bin/../lib/gcc/arm-none-eabi/7.3.1/../../../../arm-none-eabi/lib/thumb/v7e-m/fpv4-sp/hard/libc_nano.a(lib_a-mlock.o)
 .ARM.attributes
                0x0000000000000a4c       0x34 /home/coleman/Ac6/SystemWorkbench/plugins/fr.ac6.mcu.externaltools.arm-none.linux64_1.17.0.201812190825/tools/compiler/bin/../lib/gcc/arm-none-eabi/7.3.1/../../../../arm-none-eabi/lib/thumb/v7e-m/fpv4-sp/hard/libc_nano.a(lib_a-nano-reallocr.o)
 .ARM.attributes
                0x0000000000000a80       0x34 /home/coleman/Ac6/SystemWorkbench/plugins/fr.ac6.mcu.externaltools.arm-none.linux64_1.17.0.201812190825/tools/compiler/bin/../lib/gcc/arm-none-eabi/7.3.1/../../../../arm-none-eabi/lib/thumb/v7e-m/fpv4-sp/hard/libc_nano.a(lib_a-readr.o)
 .ARM.attributes
                0x0000000000000ab4       0x34 /home/coleman/Ac6/SystemWorkbench/plugins/fr.ac6.mcu.externaltools.arm-none.linux64_1.17.0.201812190825/tools/compiler/bin/../lib/gcc/arm-none-eabi/7.3.1/../../../../arm-none-eabi/lib/thumb/v7e-m/fpv4-sp/hard/libc_nano.a(lib_a-reent.o)
 .ARM.attributes
                0x0000000000000ae8       0x34 /home/coleman/Ac6/SystemWorkbench/plugins/fr.ac6.mcu.externaltools.arm-none.linux64_1.17.0.201812190825/tools/compiler/bin/../lib/gcc/arm-none-eabi/7.3.1/../../../../arm-none-eabi/lib/thumb/v7e-m/fpv4-sp/hard/libc_nano.a(lib_a-nano-msizer.o)
 .ARM.attributes
                0x0000000000000b1c       0x22 /home/coleman/Ac6/SystemWorkbench/plugins/fr.ac6.mcu.externaltools.arm-none.linux64_1.17.0.201812190825/tools/compiler/bin/../lib/gcc/arm-none-eabi/7.3.1/thumb/v7e-m/fpv4-sp/hard/crtn.o
OUTPUT(uart_test_LICC_1_usb_uart.elf elf32-littlearm)

.debug_info     0x0000000000000000    0x11160
 .debug_info    0x0000000000000000     0x2b91 Core/Src/main.o
 .debug_info    0x0000000000002b91      0x948 Core/Src/mcp23017.o
 .debug_info    0x00000000000034d9      0xe84 Core/Src/stm32f4xx_hal_msp.o
 .debug_info    0x000000000000435d      0x6d1 Core/Src/stm32f4xx_it.o
 .debug_info    0x0000000000004a2e      0xf2e Core/Src/syscalls.o
 .debug_info    0x000000000000595c      0x57e Core/Src/system_stm32f4xx.o
 .debug_info    0x0000000000005eda     0x4b27 Core/Src/vl53l0x_class.o
 .debug_info    0x000000000000aa01      0x8d5 Drivers/STM32F4xx_HAL_Driver/Src/stm32f4xx_hal.o
 .debug_info    0x000000000000b2d6      0xd98 Drivers/STM32F4xx_HAL_Driver/Src/stm32f4xx_hal_cortex.o
 .debug_info    0x000000000000c06e      0x960 Drivers/STM32F4xx_HAL_Driver/Src/stm32f4xx_hal_dma.o
 .debug_info    0x000000000000c9ce      0x7d7 Drivers/STM32F4xx_HAL_Driver/Src/stm32f4xx_hal_gpio.o
 .debug_info    0x000000000000d1a5     0x242b Drivers/STM32F4xx_HAL_Driver/Src/stm32f4xx_hal_i2c.o
 .debug_info    0x000000000000f5d0      0x92a Drivers/STM32F4xx_HAL_Driver/Src/stm32f4xx_hal_rcc.o
 .debug_info    0x000000000000fefa     0x1244 Drivers/STM32F4xx_HAL_Driver/Src/stm32f4xx_hal_uart.o
 .debug_info    0x000000000001113e       0x22 startup/startup_stm32f411xe.o

.debug_abbrev   0x0000000000000000     0x1f17
 .debug_abbrev  0x0000000000000000      0x3b0 Core/Src/main.o
 .debug_abbrev  0x00000000000003b0      0x189 Core/Src/mcp23017.o
 .debug_abbrev  0x0000000000000539      0x1be Core/Src/stm32f4xx_hal_msp.o
 .debug_abbrev  0x00000000000006f7      0x158 Core/Src/stm32f4xx_it.o
 .debug_abbrev  0x000000000000084f      0x2aa Core/Src/syscalls.o
 .debug_abbrev  0x0000000000000af9      0x12b Core/Src/system_stm32f4xx.o
 .debug_abbrev  0x0000000000000c24      0x342 Core/Src/vl53l0x_class.o
 .debug_abbrev  0x0000000000000f66      0x1f2 Drivers/STM32F4xx_HAL_Driver/Src/stm32f4xx_hal.o
 .debug_abbrev  0x0000000000001158      0x2fa Drivers/STM32F4xx_HAL_Driver/Src/stm32f4xx_hal_cortex.o
 .debug_abbrev  0x0000000000001452      0x1f1 Drivers/STM32F4xx_HAL_Driver/Src/stm32f4xx_hal_dma.o
 .debug_abbrev  0x0000000000001643      0x1c9 Drivers/STM32F4xx_HAL_Driver/Src/stm32f4xx_hal_gpio.o
 .debug_abbrev  0x000000000000180c      0x263 Drivers/STM32F4xx_HAL_Driver/Src/stm32f4xx_hal_i2c.o
 .debug_abbrev  0x0000000000001a6f      0x245 Drivers/STM32F4xx_HAL_Driver/Src/stm32f4xx_hal_rcc.o
 .debug_abbrev  0x0000000000001cb4      0x251 Drivers/STM32F4xx_HAL_Driver/Src/stm32f4xx_hal_uart.o
 .debug_abbrev  0x0000000000001f05       0x12 startup/startup_stm32f411xe.o

.debug_aranges  0x0000000000000000      0xe08
 .debug_aranges
                0x0000000000000000       0xa8 Core/Src/main.o
 .debug_aranges
                0x00000000000000a8       0x58 Core/Src/mcp23017.o
 .debug_aranges
                0x0000000000000100       0x40 Core/Src/stm32f4xx_hal_msp.o
 .debug_aranges
                0x0000000000000140       0x80 Core/Src/stm32f4xx_it.o
 .debug_aranges
                0x00000000000001c0       0xb0 Core/Src/syscalls.o
 .debug_aranges
                0x0000000000000270       0x28 Core/Src/system_stm32f4xx.o
 .debug_aranges
                0x0000000000000298      0x360 Core/Src/vl53l0x_class.o
 .debug_aranges
                0x00000000000005f8       0xf0 Drivers/STM32F4xx_HAL_Driver/Src/stm32f4xx_hal.o
 .debug_aranges
                0x00000000000006e8      0x118 Drivers/STM32F4xx_HAL_Driver/Src/stm32f4xx_hal_cortex.o
 .debug_aranges
                0x0000000000000800       0x90 Drivers/STM32F4xx_HAL_Driver/Src/stm32f4xx_hal_dma.o
 .debug_aranges
                0x0000000000000890       0x58 Drivers/STM32F4xx_HAL_Driver/Src/stm32f4xx_hal_gpio.o
 .debug_aranges
                0x00000000000008e8      0x2a0 Drivers/STM32F4xx_HAL_Driver/Src/stm32f4xx_hal_i2c.o
 .debug_aranges
                0x0000000000000b88       0x88 Drivers/STM32F4xx_HAL_Driver/Src/stm32f4xx_hal_rcc.o
 .debug_aranges